stm32l4xx_it.c:79:6:NMI_Handler	4	static
stm32l4xx_it.c:92:6:HardFault_Handler	4	static
stm32l4xx_it.c:107:6:MemManage_Handler	4	static
stm32l4xx_it.c:122:6:BusFault_Handler	4	static
stm32l4xx_it.c:137:6:UsageFault_Handler	4	static
stm32l4xx_it.c:152:6:SVC_Handler	4	static
stm32l4xx_it.c:165:6:DebugMon_Handler	4	static
stm32l4xx_it.c:178:6:PendSV_Handler	4	static
stm32l4xx_it.c:191:6:SysTick_Handler	8	static
stm32l4xx_it.c:209:6:DMA1_Channel7_IRQHandler	8	static
stm32l4xx_it.c:217:6:USART2_IRQHandler	8	static
stm32l4xx_it.c:231:6:OTG_FS_IRQHandler	8	static
stm32l4xx_it.c:249:6:TIM3_IRQHandler	8	static
stm32l4xx_it.c:260:6:USB_LP_CAN1_RX0_IRQHandler	8	static
