Archive member included to satisfy reference by file (symbol)

c:/st/stm32cubeide_1.3.0/stm32cubeide/plugins/com.st.stm32cube.ide.mcu.externaltools.gnu-tools-for-stm32.7-2018-q2-update.win32_1.0.0.201904181610/tools/bin/../lib/gcc/arm-none-eabi/7.3.1/../../../../arm-none-eabi/lib/thumb/v7e-m/fpv4-sp/hard\libc_nano.a(lib_a-errno.o)
                              Core/Src/syscalls.o (__errno)
c:/st/stm32cubeide_1.3.0/stm32cubeide/plugins/com.st.stm32cube.ide.mcu.externaltools.gnu-tools-for-stm32.7-2018-q2-update.win32_1.0.0.201904181610/tools/bin/../lib/gcc/arm-none-eabi/7.3.1/../../../../arm-none-eabi/lib/thumb/v7e-m/fpv4-sp/hard\libc_nano.a(lib_a-exit.o)
                              c:/st/stm32cubeide_1.3.0/stm32cubeide/plugins/com.st.stm32cube.ide.mcu.externaltools.gnu-tools-for-stm32.7-2018-q2-update.win32_1.0.0.201904181610/tools/bin/../lib/gcc/arm-none-eabi/7.3.1/../../../../arm-none-eabi/lib/thumb/v7e-m/fpv4-sp/hard/crt0.o (exit)
c:/st/stm32cubeide_1.3.0/stm32cubeide/plugins/com.st.stm32cube.ide.mcu.externaltools.gnu-tools-for-stm32.7-2018-q2-update.win32_1.0.0.201904181610/tools/bin/../lib/gcc/arm-none-eabi/7.3.1/../../../../arm-none-eabi/lib/thumb/v7e-m/fpv4-sp/hard\libc_nano.a(lib_a-impure.o)
                              c:/st/stm32cubeide_1.3.0/stm32cubeide/plugins/com.st.stm32cube.ide.mcu.externaltools.gnu-tools-for-stm32.7-2018-q2-update.win32_1.0.0.201904181610/tools/bin/../lib/gcc/arm-none-eabi/7.3.1/../../../../arm-none-eabi/lib/thumb/v7e-m/fpv4-sp/hard\libc_nano.a(lib_a-exit.o) (_global_impure_ptr)
c:/st/stm32cubeide_1.3.0/stm32cubeide/plugins/com.st.stm32cube.ide.mcu.externaltools.gnu-tools-for-stm32.7-2018-q2-update.win32_1.0.0.201904181610/tools/bin/../lib/gcc/arm-none-eabi/7.3.1/../../../../arm-none-eabi/lib/thumb/v7e-m/fpv4-sp/hard\libc_nano.a(lib_a-init.o)
                              c:/st/stm32cubeide_1.3.0/stm32cubeide/plugins/com.st.stm32cube.ide.mcu.externaltools.gnu-tools-for-stm32.7-2018-q2-update.win32_1.0.0.201904181610/tools/bin/../lib/gcc/arm-none-eabi/7.3.1/../../../../arm-none-eabi/lib/thumb/v7e-m/fpv4-sp/hard/crt0.o (__libc_init_array)
c:/st/stm32cubeide_1.3.0/stm32cubeide/plugins/com.st.stm32cube.ide.mcu.externaltools.gnu-tools-for-stm32.7-2018-q2-update.win32_1.0.0.201904181610/tools/bin/../lib/gcc/arm-none-eabi/7.3.1/../../../../arm-none-eabi/lib/thumb/v7e-m/fpv4-sp/hard\libc_nano.a(lib_a-memcpy-stub.o)
                              Drivers/Custom/task_list.o (memcpy)
c:/st/stm32cubeide_1.3.0/stm32cubeide/plugins/com.st.stm32cube.ide.mcu.externaltools.gnu-tools-for-stm32.7-2018-q2-update.win32_1.0.0.201904181610/tools/bin/../lib/gcc/arm-none-eabi/7.3.1/../../../../arm-none-eabi/lib/thumb/v7e-m/fpv4-sp/hard\libc_nano.a(lib_a-memset.o)
                              c:/st/stm32cubeide_1.3.0/stm32cubeide/plugins/com.st.stm32cube.ide.mcu.externaltools.gnu-tools-for-stm32.7-2018-q2-update.win32_1.0.0.201904181610/tools/bin/../lib/gcc/arm-none-eabi/7.3.1/../../../../arm-none-eabi/lib/thumb/v7e-m/fpv4-sp/hard/crt0.o (memset)
c:/st/stm32cubeide_1.3.0/stm32cubeide/plugins/com.st.stm32cube.ide.mcu.externaltools.gnu-tools-for-stm32.7-2018-q2-update.win32_1.0.0.201904181610/tools/bin/../lib/gcc/arm-none-eabi/7.3.1/../../../../arm-none-eabi/lib/thumb/v7e-m/fpv4-sp/hard\libc_nano.a(lib_a-sprintf.o)
                              Drivers/Custom/esp8266.o (sprintf)
c:/st/stm32cubeide_1.3.0/stm32cubeide/plugins/com.st.stm32cube.ide.mcu.externaltools.gnu-tools-for-stm32.7-2018-q2-update.win32_1.0.0.201904181610/tools/bin/../lib/gcc/arm-none-eabi/7.3.1/../../../../arm-none-eabi/lib/thumb/v7e-m/fpv4-sp/hard\libc_nano.a(lib_a-strcat.o)
                              Drivers/Custom/esp8266.o (strcat)
c:/st/stm32cubeide_1.3.0/stm32cubeide/plugins/com.st.stm32cube.ide.mcu.externaltools.gnu-tools-for-stm32.7-2018-q2-update.win32_1.0.0.201904181610/tools/bin/../lib/gcc/arm-none-eabi/7.3.1/../../../../arm-none-eabi/lib/thumb/v7e-m/fpv4-sp/hard\libc_nano.a(lib_a-strlen.o)
                              Core/Src/main.o (strlen)
c:/st/stm32cubeide_1.3.0/stm32cubeide/plugins/com.st.stm32cube.ide.mcu.externaltools.gnu-tools-for-stm32.7-2018-q2-update.win32_1.0.0.201904181610/tools/bin/../lib/gcc/arm-none-eabi/7.3.1/../../../../arm-none-eabi/lib/thumb/v7e-m/fpv4-sp/hard\libc_nano.a(lib_a-strncmp.o)
                              Drivers/Custom/esp8266.o (strncmp)
c:/st/stm32cubeide_1.3.0/stm32cubeide/plugins/com.st.stm32cube.ide.mcu.externaltools.gnu-tools-for-stm32.7-2018-q2-update.win32_1.0.0.201904181610/tools/bin/../lib/gcc/arm-none-eabi/7.3.1/../../../../arm-none-eabi/lib/thumb/v7e-m/fpv4-sp/hard\libc_nano.a(lib_a-nano-svfprintf.o)
                              c:/st/stm32cubeide_1.3.0/stm32cubeide/plugins/com.st.stm32cube.ide.mcu.externaltools.gnu-tools-for-stm32.7-2018-q2-update.win32_1.0.0.201904181610/tools/bin/../lib/gcc/arm-none-eabi/7.3.1/../../../../arm-none-eabi/lib/thumb/v7e-m/fpv4-sp/hard\libc_nano.a(lib_a-sprintf.o) (_svfprintf_r)
[...]
Memory Configuration

Name             Origin             Length             Attributes
RAM              0x0000000020000000 0x0000000000018000 xrw
RAM2             0x0000000010000000 0x0000000000008000 xrw
FLASH            0x0000000008000000 0x0000000000100000 xr
*default*        0x0000000000000000 0xffffffffffffffff

Linker script and memory map

LOAD c:/st/stm32cubeide_1.3.0/stm32cubeide/plugins/com.st.stm32cube.ide.mcu.externaltools.gnu-tools-for-stm32.7-2018-q2-update.win32_1.0.0.201904181610/tools/bin/../lib/gcc/arm-none-eabi/7.3.1/thumb/v7e-m/fpv4-sp/hard/crti.o
LOAD c:/st/stm32cubeide_1.3.0/stm32cubeide/plugins/com.st.stm32cube.ide.mcu.externaltools.gnu-tools-for-stm32.7-2018-q2-update.win32_1.0.0.201904181610/tools/bin/../lib/gcc/arm-none-eabi/7.3.1/thumb/v7e-m/fpv4-sp/hard/crtbegin.o
LOAD c:/st/stm32cubeide_1.3.0/stm32cubeide/plugins/com.st.stm32cube.ide.mcu.externaltools.gnu-tools-for-stm32.7-2018-q2-update.win32_1.0.0.201904181610/tools/bin/../lib/gcc/arm-none-eabi/7.3.1/../../../../arm-none-eabi/lib/thumb/v7e-m/fpv4-sp/hard/crt0.o
LOAD Core/Src/main.o
LOAD Core/Src/stm32l4xx_hal_msp.o
LOAD Core/Src/stm32l4xx_it.o
LOAD Core/Src/syscalls.o
LOAD Core/Src/sysmem.o
LOAD Core/Src/system_stm32l4xx.o
LOAD Core/Startup/startup_stm32l476vgtx.o
LOAD Drivers/Custom/esp8266.o
LOAD Drivers/Custom/task_list.o
LOAD Drivers/STM32L4xx_HAL_Driver/Src/stm32l4xx_hal.o
LOAD Drivers/STM32L4xx_HAL_Driver/Src/stm32l4xx_hal_cortex.o
LOAD Drivers/STM32L4xx_HAL_Driver/Src/stm32l4xx_hal_dma.o
LOAD Drivers/STM32L4xx_HAL_Driver/Src/stm32l4xx_hal_dma_ex.o
LOAD Drivers/STM32L4xx_HAL_Driver/Src/stm32l4xx_hal_exti.o
LOAD Drivers/STM32L4xx_HAL_Driver/Src/stm32l4xx_hal_flash.o
LOAD Drivers/STM32L4xx_HAL_Driver/Src/stm32l4xx_hal_flash_ex.o
LOAD Drivers/STM32L4xx_HAL_Driver/Src/stm32l4xx_hal_flash_ramfunc.o
LOAD Drivers/STM32L4xx_HAL_Driver/Src/stm32l4xx_hal_gpio.o
LOAD Drivers/STM32L4xx_HAL_Driver/Src/stm32l4xx_hal_i2c.o
LOAD Drivers/STM32L4xx_HAL_Driver/Src/stm32l4xx_hal_i2c_ex.o
LOAD Drivers/STM32L4xx_HAL_Driver/Src/stm32l4xx_hal_pcd.o
LOAD Drivers/STM32L4xx_HAL_Driver/Src/stm32l4xx_hal_pcd_ex.o
LOAD Drivers/STM32L4xx_HAL_Driver/Src/stm32l4xx_hal_pwr.o
LOAD Drivers/STM32L4xx_HAL_Driver/Src/stm32l4xx_hal_pwr_ex.o
LOAD Drivers/STM32L4xx_HAL_Driver/Src/stm32l4xx_hal_rcc.o
LOAD Drivers/STM32L4xx_HAL_Driver/Src/stm32l4xx_hal_rcc_ex.o
LOAD Drivers/STM32L4xx_HAL_Driver/Src/stm32l4xx_hal_tim.o
LOAD Drivers/STM32L4xx_HAL_Driver/Src/stm32l4xx_hal_tim_ex.o
LOAD Drivers/STM32L4xx_HAL_Driver/Src/stm32l4xx_hal_uart.o
LOAD Drivers/STM32L4xx_HAL_Driver/Src/stm32l4xx_hal_uart_ex.o
LOAD Drivers/STM32L4xx_HAL_Driver/Src/stm32l4xx_ll_usb.o
LOAD Middlewares/ST/STM32_USB_Device_Library/Class/CDC/Src/usbd_cdc.o
LOAD Middlewares/ST/STM32_USB_Device_Library/Core/Src/usbd_core.o
LOAD Middlewares/ST/STM32_USB_Device_Library/Core/Src/usbd_ctlreq.o
LOAD Middlewares/ST/STM32_USB_Device_Library/Core/Src/usbd_ioreq.o
LOAD USB_DEVICE/App/usb_device.o
LOAD USB_DEVICE/App/usbd_cdc_if.o
LOAD USB_DEVICE/App/usbd_desc.o
LOAD USB_DEVICE/Target/usbd_conf.o
START GROUP
LOAD c:/st/stm32cubeide_1.3.0/stm32cubeide/plugins/com.st.stm32cube.ide.mcu.externaltools.gnu-tools-for-stm32.7-2018-q2-update.win32_1.0.0.201904181610/tools/bin/../lib/gcc/arm-none-eabi/7.3.1/../../../../arm-none-eabi/lib/thumb/v7e-m/fpv4-sp/hard\libc_nano.a
LOAD c:/st/stm32cubeide_1.3.0/stm32cubeide/plugins/com.st.stm32cube.ide.mcu.externaltools.gnu-tools-for-stm32.7-2018-q2-update.win32_1.0.0.201904181610/tools/bin/../lib/gcc/arm-none-eabi/7.3.1/../../../../arm-none-eabi/lib/thumb/v7e-m/fpv4-sp/hard\libm.a
END GROUP
START GROUP
LOAD c:/st/stm32cubeide_1.3.0/stm32cubeide/plugins/com.st.stm32cube.ide.mcu.externaltools.gnu-tools-for-stm32.7-2018-q2-update.win32_1.0.0.201904181610/tools/bin/../lib/gcc/arm-none-eabi/7.3.1/thumb/v7e-m/fpv4-sp/hard\libgcc.a
LOAD c:/st/stm32cubeide_1.3.0/stm32cubeide/plugins/com.st.stm32cube.ide.mcu.externaltools.gnu-tools-for-stm32.7-2018-q2-update.win32_1.0.0.201904181610/tools/bin/../lib/gcc/arm-none-eabi/7.3.1/../../../../arm-none-eabi/lib/thumb/v7e-m/fpv4-sp/hard\libc_nano.a
END GROUP
START GROUP
LOAD c:/st/stm32cubeide_1.3.0/stm32cubeide/plugins/com.st.stm32cube.ide.mcu.externaltools.gnu-tools-for-stm32.7-2018-q2-update.win32_1.0.0.201904181610/tools/bin/../lib/gcc/arm-none-eabi/7.3.1/thumb/v7e-m/fpv4-sp/hard\libgcc.a
LOAD c:/st/stm32cubeide_1.3.0/stm32cubeide/plugins/com.st.stm32cube.ide.mcu.externaltools.gnu-tools-for-stm32.7-2018-q2-update.win32_1.0.0.201904181610/tools/bin/../lib/gcc/arm-none-eabi/7.3.1/../../../../arm-none-eabi/lib/thumb/v7e-m/fpv4-sp/hard\libc_nano.a
LOAD c:/st/stm32cubeide_1.3.0/stm32cubeide/plugins/com.st.stm32cube.ide.mcu.externaltools.gnu-tools-for-stm32.7-2018-q2-update.win32_1.0.0.201904181610/tools/bin/../lib/gcc/arm-none-eabi/7.3.1/../../../../arm-none-eabi/lib/thumb/v7e-m/fpv4-sp/hard\libnosys.a
END GROUP
START GROUP
LOAD c:/st/stm32cubeide_1.3.0/stm32cubeide/plugins/com.st.stm32cube.ide.mcu.externaltools.gnu-tools-for-stm32.7-2018-q2-update.win32_1.0.0.201904181610/tools/bin/../lib/gcc/arm-none-eabi/7.3.1/thumb/v7e-m/fpv4-sp/hard\libgcc.a
LOAD c:/st/stm32cubeide_1.3.0/stm32cubeide/plugins/com.st.stm32cube.ide.mcu.externaltools.gnu-tools-for-stm32.7-2018-q2-update.win32_1.0.0.201904181610/tools/bin/../lib/gcc/arm-none-eabi/7.3.1/../../../../arm-none-eabi/lib/thumb/v7e-m/fpv4-sp/hard\libc_nano.a
LOAD c:/st/stm32cubeide_1.3.0/stm32cubeide/plugins/com.st.stm32cube.ide.mcu.externaltools.gnu-tools-for-stm32.7-2018-q2-update.win32_1.0.0.201904181610/tools/bin/../lib/gcc/arm-none-eabi/7.3.1/../../../../arm-none-eabi/lib/thumb/v7e-m/fpv4-sp/hard\libnosys.a
END GROUP
LOAD c:/st/stm32cubeide_1.3.0/stm32cubeide/plugins/com.st.stm32cube.ide.mcu.externaltools.gnu-tools-for-stm32.7-2018-q2-update.win32_1.0.0.201904181610/tools/bin/../lib/gcc/arm-none-eabi/7.3.1/thumb/v7e-m/fpv4-sp/hard/crtend.o
LOAD c:/st/stm32cubeide_1.3.0/stm32cubeide/plugins/com.st.stm32cube.ide.mcu.externaltools.gnu-tools-for-stm32.7-2018-q2-update.win32_1.0.0.201904181610/tools/bin/../lib/gcc/arm-none-eabi/7.3.1/thumb/v7e-m/fpv4-sp/hard/crtn.o
                0x0000000020018000                _estack = (ORIGIN (RAM) + LENGTH (RAM))
                0x0000000000000200                _Min_Heap_Size = 0x200
                0x0000000000000400                _Min_Stack_Size = 0x400

.isr_vector     0x0000000008000000      0x188
                0x0000000008000000                . = ALIGN (0x4)
 *(.isr_vector)
 .isr_vector    0x0000000008000000      0x188 Core/Startup/startup_stm32l476vgtx.o
                0x0000000008000000                g_pfnVectors
                0x0000000008000188                . = ALIGN (0x4)

.text           0x0000000008000188     0x9990
                0x0000000008000188                . = ALIGN (0x4)
 *(.text)
 .text          0x0000000008000188       0x40 c:/st/stm32cubeide_1.3.0/stm32cubeide/plugins/com.st.stm32cube.ide.mcu.externaltools.gnu-tools-for-stm32.7-2018-q2-update.win32_1.0.0.201904181610/tools/bin/../lib/gcc/arm-none-eabi/7.3.1/thumb/v7e-m/fpv4-sp/hard/crtbegin.o
 .text          0x00000000080001c8       0x10 c:/st/stm32cubeide_1.3.0/stm32cubeide/plugins/com.st.stm32cube.ide.mcu.externaltools.gnu-tools-for-stm32.7-2018-q2-update.win32_1.0.0.201904181610/tools/bin/../lib/gcc/arm-none-eabi/7.3.1/../../../../arm-none-eabi/lib/thumb/v7e-m/fpv4-sp/hard\libc_nano.a(lib_a-strlen.o)
                0x00000000080001c8                strlen
 .text          0x00000000080001d8       0x30 c:/st/stm32cubeide_1.3.0/stm32cubeide/plugins/com.st.stm32cube.ide.mcu.externaltools.gnu-tools-for-stm32.7-2018-q2-update.win32_1.0.0.201904181610/tools/bin/../lib/gcc/arm-none-eabi/7.3.1/thumb/v7e-m/fpv4-sp/hard\libgcc.a(_aeabi_uldivmod.o)
                0x00000000080001d8                __aeabi_uldivmod
 .text          0x0000000008000208      0x2cc c:/st/stm32cubeide_1.3.0/stm32cubeide/plugins/com.st.stm32cube.ide.mcu.externaltools.gnu-tools-for-stm32.7-2018-q2-update.win32_1.0.0.201904181610/tools/bin/../lib/gcc/arm-none-eabi/7.3.1/thumb/v7e-m/fpv4-sp/hard\libgcc.a(_udivmoddi4.o)
                0x0000000008000208                __udivmoddi4
 .text          0x00000000080004d4        0x4 c:/st/stm32cubeide_1.3.0/stm32cubeide/plugins/com.st.stm32cube.ide.mcu.externaltools.gnu-tools-for-stm32.7-2018-q2-update.win32_1.0.0.201904181610/tools/bin/../lib/gcc/arm-none-eabi/7.3.1/thumb/v7e-m/fpv4-sp/hard\libgcc.a(_dvmd_tls.o)
                0x00000000080004d4                __aeabi_idiv0
                0x00000000080004d4                __aeabi_ldiv0
 *(.text*)
 .text.main     0x00000000080004d8      0x108 Core/Src/main.o
                0x00000000080004d8                main
 .text.SystemClock_Config
                0x00000000080005e0      0x114 Core/Src/main.o
                0x00000000080005e0                SystemClock_Config
 .text.MX_GPIO_Init
                0x00000000080006f4       0x48 Core/Src/main.o
 .text.Error_Handler
                0x000000000800073c        0xe Core/Src/main.o
                0x000000000800073c                Error_Handler
 *fill*         0x000000000800074a        0x2 
 .text.HAL_MspInit
                0x000000000800074c       0x48 Core/Src/stm32l4xx_hal_msp.o
                0x000000000800074c                HAL_MspInit
 .text.HAL_UART_MspInit
                0x0000000008000794      0x184 Core/Src/stm32l4xx_hal_msp.o
                0x0000000008000794                HAL_UART_MspInit
 .text.HAL_UART_MspDeInit
                0x0000000008000918       0x48 Core/Src/stm32l4xx_hal_msp.o
                0x0000000008000918                HAL_UART_MspDeInit
 .text.NMI_Handler
                0x0000000008000960        0xe Core/Src/stm32l4xx_it.o
                0x0000000008000960                NMI_Handler
 .text.HardFault_Handler
                0x000000000800096e        0x6 Core/Src/stm32l4xx_it.o
                0x000000000800096e                HardFault_Handler
 .text.MemManage_Handler
                0x0000000008000974        0x6 Core/Src/stm32l4xx_it.o
                0x0000000008000974                MemManage_Handler
 .text.BusFault_Handler
                0x000000000800097a        0x6 Core/Src/stm32l4xx_it.o
                0x000000000800097a                BusFault_Handler
 .text.UsageFault_Handler
                0x0000000008000980        0x6 Core/Src/stm32l4xx_it.o
                0x0000000008000980                UsageFault_Handler
 .text.SVC_Handler
                0x0000000008000986        0xe Core/Src/stm32l4xx_it.o
                0x0000000008000986                SVC_Handler
 .text.DebugMon_Handler
                0x0000000008000994        0xe Core/Src/stm32l4xx_it.o
                0x0000000008000994                DebugMon_Handler
 .text.PendSV_Handler
                0x00000000080009a2        0xe Core/Src/stm32l4xx_it.o
                0x00000000080009a2                PendSV_Handler
 .text.SysTick_Handler
                0x00000000080009b0        0xc Core/Src/stm32l4xx_it.o
                0x00000000080009b0                SysTick_Handler
 .text.DMA1_Channel7_IRQHandler
                0x00000000080009bc       0x14 Core/Src/stm32l4xx_it.o
                0x00000000080009bc                DMA1_Channel7_IRQHandler
 .text.USART2_IRQHandler
                0x00000000080009d0       0x14 Core/Src/stm32l4xx_it.o
                0x00000000080009d0                USART2_IRQHandler
 .text.OTG_FS_IRQHandler
                0x00000000080009e4       0x14 Core/Src/stm32l4xx_it.o
                0x00000000080009e4                OTG_FS_IRQHandler
 .text.TIM3_IRQHandler
                0x00000000080009f8       0x14 Core/Src/stm32l4xx_it.o
                0x00000000080009f8                TIM3_IRQHandler
 .text.SystemInit
                0x0000000008000a0c       0x6c Core/Src/system_stm32l4xx.o
                0x0000000008000a0c                SystemInit
 .text.Reset_Handler
                0x0000000008000a78       0x50 Core/Startup/startup_stm32l476vgtx.o
                0x0000000008000a78                Reset_Handler
 .text.Default_Handler
                0x0000000008000ac8        0x2 Core/Startup/startup_stm32l476vgtx.o
                0x0000000008000ac8                RTC_Alarm_IRQHandler
                0x0000000008000ac8                EXTI2_IRQHandler
                0x0000000008000ac8                TIM8_TRG_COM_IRQHandler
                0x0000000008000ac8                TIM8_CC_IRQHandler
                0x0000000008000ac8                TIM1_CC_IRQHandler
                0x0000000008000ac8                TSC_IRQHandler
                0x0000000008000ac8                TAMP_STAMP_IRQHandler
                0x0000000008000ac8                EXTI3_IRQHandler
                0x0000000008000ac8                LPTIM2_IRQHandler
                0x0000000008000ac8                DFSDM1_FLT1_IRQHandler
                0x0000000008000ac8                I2C3_ER_IRQHandler
                0x0000000008000ac8                DFSDM1_FLT2_IRQHandler
                0x0000000008000ac8                EXTI0_IRQHandler
                0x0000000008000ac8                I2C2_EV_IRQHandler
                0x0000000008000ac8                CAN1_RX0_IRQHandler
                0x0000000008000ac8                FPU_IRQHandler
                0x0000000008000ac8                TIM1_UP_TIM16_IRQHandler
                0x0000000008000ac8                ADC1_2_IRQHandler
                0x0000000008000ac8                SPI1_IRQHandler
                0x0000000008000ac8                TIM6_DAC_IRQHandler
                0x0000000008000ac8                TIM8_UP_IRQHandler
                0x0000000008000ac8                DMA2_Channel2_IRQHandler
                0x0000000008000ac8                DMA1_Channel4_IRQHandler
                0x0000000008000ac8                SAI2_IRQHandler
                0x0000000008000ac8                DFSDM1_FLT3_IRQHandler
                0x0000000008000ac8                USART3_IRQHandler
                0x0000000008000ac8                CAN1_RX1_IRQHandler
                0x0000000008000ac8                LCD_IRQHandler
                0x0000000008000ac8                UART5_IRQHandler
                0x0000000008000ac8                ADC3_IRQHandler
                0x0000000008000ac8                TIM4_IRQHandler
                0x0000000008000ac8                DMA2_Channel1_IRQHandler
                0x0000000008000ac8                QUADSPI_IRQHandler
                0x0000000008000ac8                I2C1_EV_IRQHandler
                0x0000000008000ac8                DMA1_Channel6_IRQHandler
                0x0000000008000ac8                UART4_IRQHandler
                0x0000000008000ac8                DMA2_Channel4_IRQHandler
                0x0000000008000ac8                RCC_IRQHandler
                0x0000000008000ac8                DMA1_Channel1_IRQHandler
                0x0000000008000ac8                Default_Handler
                0x0000000008000ac8                DMA2_Channel7_IRQHandler
                0x0000000008000ac8                EXTI15_10_IRQHandler
                0x0000000008000ac8                TIM7_IRQHandler
                0x0000000008000ac8                SDMMC1_IRQHandler
                0x0000000008000ac8                TIM5_IRQHandler
                0x0000000008000ac8                I2C3_EV_IRQHandler
                0x0000000008000ac8                EXTI9_5_IRQHandler
                0x0000000008000ac8                RTC_WKUP_IRQHandler
                0x0000000008000ac8                PVD_PVM_IRQHandler
                0x0000000008000ac8                SPI2_IRQHandler
                0x0000000008000ac8                CAN1_TX_IRQHandler
                0x0000000008000ac8                DMA2_Channel5_IRQHandler
                0x0000000008000ac8                DMA1_Channel5_IRQHandler
                0x0000000008000ac8                EXTI4_IRQHandler
                0x0000000008000ac8                RNG_IRQHandler
                0x0000000008000ac8                TIM1_TRG_COM_TIM17_IRQHandler
                0x0000000008000ac8                DMA1_Channel3_IRQHandler
                0x0000000008000ac8                COMP_IRQHandler
                0x0000000008000ac8                WWDG_IRQHandler
                0x0000000008000ac8                LPUART1_IRQHandler
                0x0000000008000ac8                DMA2_Channel6_IRQHandler
                0x0000000008000ac8                TIM2_IRQHandler
                0x0000000008000ac8                EXTI1_IRQHandler
                0x0000000008000ac8                DFSDM1_FLT0_IRQHandler
                0x0000000008000ac8                I2C2_ER_IRQHandler
                0x0000000008000ac8                DMA1_Channel2_IRQHandler
                0x0000000008000ac8                TIM8_BRK_IRQHandler
                0x0000000008000ac8                CAN1_SCE_IRQHandler
                0x0000000008000ac8                FLASH_IRQHandler
                0x0000000008000ac8                USART1_IRQHandler
                0x0000000008000ac8                SPI3_IRQHandler
                0x0000000008000ac8                I2C1_ER_IRQHandler
                0x0000000008000ac8                FMC_IRQHandler
                0x0000000008000ac8                SWPMI1_IRQHandler
                0x0000000008000ac8                LPTIM1_IRQHandler
                0x0000000008000ac8                SAI1_IRQHandler
                0x0000000008000ac8                DMA2_Channel3_IRQHandler
                0x0000000008000ac8                TIM1_BRK_TIM15_IRQHandler
 *fill*         0x0000000008000aca        0x2 
 .text.Transmit_Wrapper
                0x0000000008000acc       0x3c Drivers/Custom/esp8266.o
                0x0000000008000acc                Transmit_Wrapper
 .text.Receive_Wrapper
                0x0000000008000b08       0x3c Drivers/Custom/esp8266.o
                0x0000000008000b08                Receive_Wrapper
 .text.esp8266_init
                0x0000000008000b44       0xd4 Drivers/Custom/esp8266.o
                0x0000000008000b44                esp8266_init
 .text.esp8266_reset
                0x0000000008000c18       0x58 Drivers/Custom/esp8266.o
                0x0000000008000c18                esp8266_reset
 .text.init_task_list
                0x0000000008000c70       0x84 Drivers/Custom/task_list.o
                0x0000000008000c70                init_task_list
 .text.bring_current
                0x0000000008000cf4       0x98 Drivers/Custom/task_list.o
                0x0000000008000cf4                bring_current
 .text.add_task
                0x0000000008000d8c      0x1bc Drivers/Custom/task_list.o
                0x0000000008000d8c                add_task
 .text.handle_tasks
                0x0000000008000f48       0x9c Drivers/Custom/task_list.o
                0x0000000008000f48                handle_tasks
 .text.handle_response
                0x0000000008000fe4       0x16 Drivers/Custom/task_list.o
 .text.handle_request
                0x0000000008000ffa       0x36 Drivers/Custom/task_list.o
 .text.HAL_Init
                0x0000000008001030       0x40 Drivers/STM32L4xx_HAL_Driver/Src/stm32l4xx_hal.o
                0x0000000008001030                HAL_Init
 .text.HAL_InitTick
                0x0000000008001070       0x74 Drivers/STM32L4xx_HAL_Driver/Src/stm32l4xx_hal.o
                0x0000000008001070                HAL_InitTick
 .text.HAL_IncTick
                0x00000000080010e4       0x24 Drivers/STM32L4xx_HAL_Driver/Src/stm32l4xx_hal.o
                0x00000000080010e4                HAL_IncTick
 .text.HAL_GetTick
                0x0000000008001108       0x18 Drivers/STM32L4xx_HAL_Driver/Src/stm32l4xx_hal.o
                0x0000000008001108                HAL_GetTick
 .text.HAL_Delay
                0x0000000008001120       0x44 Drivers/STM32L4xx_HAL_Driver/Src/stm32l4xx_hal.o
                0x0000000008001120                HAL_Delay
 .text.__NVIC_SetPriorityGrouping
                0x0000000008001164       0x48 Drivers/STM32L4xx_HAL_Driver/Src/stm32l4xx_hal_cortex.o
 .text.__NVIC_GetPriorityGrouping
                0x00000000080011ac       0x1c Drivers/STM32L4xx_HAL_Driver/Src/stm32l4xx_hal_cortex.o
 .text.__NVIC_EnableIRQ
                0x00000000080011c8       0x3c Drivers/STM32L4xx_HAL_Driver/Src/stm32l4xx_hal_cortex.o
 .text.__NVIC_DisableIRQ
                0x0000000008001204       0x44 Drivers/STM32L4xx_HAL_Driver/Src/stm32l4xx_hal_cortex.o
 .text.__NVIC_SetPriority
                0x0000000008001248       0x54 Drivers/STM32L4xx_HAL_Driver/Src/stm32l4xx_hal_cortex.o
 .text.NVIC_EncodePriority
                0x000000000800129c       0x66 Drivers/STM32L4xx_HAL_Driver/Src/stm32l4xx_hal_cortex.o
 *fill*         0x0000000008001302        0x2 
 .text.SysTick_Config
                0x0000000008001304       0x44 Drivers/STM32L4xx_HAL_Driver/Src/stm32l4xx_hal_cortex.o
 .text.HAL_NVIC_SetPriorityGrouping
                0x0000000008001348       0x16 Drivers/STM32L4xx_HAL_Driver/Src/stm32l4xx_hal_cortex.o
                0x0000000008001348                HAL_NVIC_SetPriorityGrouping
 .text.HAL_NVIC_SetPriority
                0x000000000800135e       0x38 Drivers/STM32L4xx_HAL_Driver/Src/stm32l4xx_hal_cortex.o
                0x000000000800135e                HAL_NVIC_SetPriority
 .text.HAL_NVIC_EnableIRQ
                0x0000000008001396       0x1c Drivers/STM32L4xx_HAL_Driver/Src/stm32l4xx_hal_cortex.o
                0x0000000008001396                HAL_NVIC_EnableIRQ
 .text.HAL_NVIC_DisableIRQ
                0x00000000080013b2       0x1c Drivers/STM32L4xx_HAL_Driver/Src/stm32l4xx_hal_cortex.o
                0x00000000080013b2                HAL_NVIC_DisableIRQ
 .text.HAL_SYSTICK_Config
                0x00000000080013ce       0x18 Drivers/STM32L4xx_HAL_Driver/Src/stm32l4xx_hal_cortex.o
                0x00000000080013ce                HAL_SYSTICK_Config
 *fill*         0x00000000080013e6        0x2 
 .text.HAL_DMA_Init
                0x00000000080013e8      0x170 Drivers/STM32L4xx_HAL_Driver/Src/stm32l4xx_hal_dma.o
                0x00000000080013e8                HAL_DMA_Init
 .text.HAL_DMA_DeInit
                0x0000000008001558      0x124 Drivers/STM32L4xx_HAL_Driver/Src/stm32l4xx_hal_dma.o
                0x0000000008001558                HAL_DMA_DeInit
 .text.HAL_DMA_Start_IT
                0x000000000800167c       0xc0 Drivers/STM32L4xx_HAL_Driver/Src/stm32l4xx_hal_dma.o
                0x000000000800167c                HAL_DMA_Start_IT
 .text.HAL_DMA_Abort_IT
                0x000000000800173c       0x82 Drivers/STM32L4xx_HAL_Driver/Src/stm32l4xx_hal_dma.o
                0x000000000800173c                HAL_DMA_Abort_IT
 .text.HAL_DMA_IRQHandler
                0x00000000080017be      0x15e Drivers/STM32L4xx_HAL_Driver/Src/stm32l4xx_hal_dma.o
                0x00000000080017be                HAL_DMA_IRQHandler
 .text.DMA_SetConfig
                0x000000000800191c       0x60 Drivers/STM32L4xx_HAL_Driver/Src/stm32l4xx_hal_dma.o
 .text.HAL_GPIO_Init
                0x000000000800197c      0x350 Drivers/STM32L4xx_HAL_Driver/Src/stm32l4xx_hal_gpio.o
                0x000000000800197c                HAL_GPIO_Init
 .text.HAL_GPIO_DeInit
                0x0000000008001ccc      0x1e8 Drivers/STM32L4xx_HAL_Driver/Src/stm32l4xx_hal_gpio.o
                0x0000000008001ccc                HAL_GPIO_DeInit
 .text.HAL_GPIO_WritePin
                0x0000000008001eb4       0x30 Drivers/STM32L4xx_HAL_Driver/Src/stm32l4xx_hal_gpio.o
                0x0000000008001eb4                HAL_GPIO_WritePin
 .text.HAL_PCD_Init
                0x0000000008001ee4      0x248 Drivers/STM32L4xx_HAL_Driver/Src/stm32l4xx_hal_pcd.o
                0x0000000008001ee4                HAL_PCD_Init
 .text.HAL_PCD_Start
                0x000000000800212c       0x5e Drivers/STM32L4xx_HAL_Driver/Src/stm32l4xx_hal_pcd.o
                0x000000000800212c                HAL_PCD_Start
 .text.HAL_PCD_IRQHandler
                0x000000000800218a      0x748 Drivers/STM32L4xx_HAL_Driver/Src/stm32l4xx_hal_pcd.o
                0x000000000800218a                HAL_PCD_IRQHandler
 .text.HAL_PCD_SetAddress
                0x00000000080028d2       0x4a Drivers/STM32L4xx_HAL_Driver/Src/stm32l4xx_hal_pcd.o
                0x00000000080028d2                HAL_PCD_SetAddress
 .text.HAL_PCD_EP_Open
                0x000000000800291c       0xd0 Drivers/STM32L4xx_HAL_Driver/Src/stm32l4xx_hal_pcd.o
                0x000000000800291c                HAL_PCD_EP_Open
 .text.HAL_PCD_EP_Close
                0x00000000080029ec       0x94 Drivers/STM32L4xx_HAL_Driver/Src/stm32l4xx_hal_pcd.o
                0x00000000080029ec                HAL_PCD_EP_Close
 .text.HAL_PCD_EP_Receive
                0x0000000008002a80       0x7c Drivers/STM32L4xx_HAL_Driver/Src/stm32l4xx_hal_pcd.o
                0x0000000008002a80                HAL_PCD_EP_Receive
 .text.HAL_PCD_EP_GetRxCount
                0x0000000008002afc       0x30 Drivers/STM32L4xx_HAL_Driver/Src/stm32l4xx_hal_pcd.o
                0x0000000008002afc                HAL_PCD_EP_GetRxCount
 .text.HAL_PCD_EP_Transmit
                0x0000000008002b2c       0x7a Drivers/STM32L4xx_HAL_Driver/Src/stm32l4xx_hal_pcd.o
                0x0000000008002b2c                HAL_PCD_EP_Transmit
 .text.HAL_PCD_EP_SetStall
                0x0000000008002ba6       0xc4 Drivers/STM32L4xx_HAL_Driver/Src/stm32l4xx_hal_pcd.o
                0x0000000008002ba6                HAL_PCD_EP_SetStall
 .text.HAL_PCD_EP_ClrStall
                0x0000000008002c6a       0xac Drivers/STM32L4xx_HAL_Driver/Src/stm32l4xx_hal_pcd.o
                0x0000000008002c6a                HAL_PCD_EP_ClrStall
 .text.PCD_WriteEmptyTxFifo
                0x0000000008002d16      0x110 Drivers/STM32L4xx_HAL_Driver/Src/stm32l4xx_hal_pcd.o
 *fill*         0x0000000008002e26        0x2 
 .text.PCD_EP_OutXfrComplete_int
                0x0000000008002e28       0x9c Drivers/STM32L4xx_HAL_Driver/Src/stm32l4xx_hal_pcd.o
 .text.PCD_EP_OutSetupPacket_int
                0x0000000008002ec4       0x68 Drivers/STM32L4xx_HAL_Driver/Src/stm32l4xx_hal_pcd.o
 .text.HAL_PCDEx_SetTxFiFo
                0x0000000008002f2c       0x8e Drivers/STM32L4xx_HAL_Driver/Src/stm32l4xx_hal_pcd_ex.o
                0x0000000008002f2c                HAL_PCDEx_SetTxFiFo
 .text.HAL_PCDEx_SetRxFiFo
                0x0000000008002fba       0x22 Drivers/STM32L4xx_HAL_Driver/Src/stm32l4xx_hal_pcd_ex.o
                0x0000000008002fba                HAL_PCDEx_SetRxFiFo
 .text.HAL_PCDEx_ActivateLPM
                0x0000000008002fdc       0x48 Drivers/STM32L4xx_HAL_Driver/Src/stm32l4xx_hal_pcd_ex.o
                0x0000000008002fdc                HAL_PCDEx_ActivateLPM
 .text.HAL_PWREx_GetVoltageRange
                0x0000000008003024       0x1c Drivers/STM32L4xx_HAL_Driver/Src/stm32l4xx_hal_pwr_ex.o
                0x0000000008003024                HAL_PWREx_GetVoltageRange
 .text.HAL_PWREx_ControlVoltageScaling
                0x0000000008003040       0xac Drivers/STM32L4xx_HAL_Driver/Src/stm32l4xx_hal_pwr_ex.o
                0x0000000008003040                HAL_PWREx_ControlVoltageScaling
 .text.HAL_PWREx_EnableVddUSB
                0x00000000080030ec       0x20 Drivers/STM32L4xx_HAL_Driver/Src/stm32l4xx_hal_pwr_ex.o
                0x00000000080030ec                HAL_PWREx_EnableVddUSB
 .text.HAL_RCC_OscConfig
                0x000000000800310c      0x7cc Drivers/STM32L4xx_HAL_Driver/Src/stm32l4xx_hal_rcc.o
                0x000000000800310c                HAL_RCC_OscConfig
 .text.HAL_RCC_ClockConfig
                0x00000000080038d8      0x1c4 Drivers/STM32L4xx_HAL_Driver/Src/stm32l4xx_hal_rcc.o
                0x00000000080038d8                HAL_RCC_ClockConfig
 .text.HAL_RCC_GetSysClockFreq
                0x0000000008003a9c      0x114 Drivers/STM32L4xx_HAL_Driver/Src/stm32l4xx_hal_rcc.o
                0x0000000008003a9c                HAL_RCC_GetSysClockFreq
 .text.HAL_RCC_GetHCLKFreq
                0x0000000008003bb0       0x18 Drivers/STM32L4xx_HAL_Driver/Src/stm32l4xx_hal_rcc.o
                0x0000000008003bb0                HAL_RCC_GetHCLKFreq
 .text.HAL_RCC_GetPCLK1Freq
                0x0000000008003bc8       0x2c Drivers/STM32L4xx_HAL_Driver/Src/stm32l4xx_hal_rcc.o
                0x0000000008003bc8                HAL_RCC_GetPCLK1Freq
 .text.HAL_RCC_GetPCLK2Freq
                0x0000000008003bf4       0x2c Drivers/STM32L4xx_HAL_Driver/Src/stm32l4xx_hal_rcc.o
                0x0000000008003bf4                HAL_RCC_GetPCLK2Freq
 .text.RCC_SetFlashLatencyFromMSIRange
                0x0000000008003c20       0xc0 Drivers/STM32L4xx_HAL_Driver/Src/stm32l4xx_hal_rcc.o
 .text.HAL_RCCEx_PeriphCLKConfig
                0x0000000008003ce0      0x5cc Drivers/STM32L4xx_HAL_Driver/Src/stm32l4xx_hal_rcc_ex.o
                0x0000000008003ce0                HAL_RCCEx_PeriphCLKConfig
 .text.RCCEx_PLLSAI1_Config
                0x00000000080042ac      0x1e0 Drivers/STM32L4xx_HAL_Driver/Src/stm32l4xx_hal_rcc_ex.o
 .text.RCCEx_PLLSAI2_Config
                0x000000000800448c      0x1b4 Drivers/STM32L4xx_HAL_Driver/Src/stm32l4xx_hal_rcc_ex.o
 .text.HAL_TIM_Base_Init
                0x0000000008004640       0x56 Drivers/STM32L4xx_HAL_Driver/Src/stm32l4xx_hal_tim.o
                0x0000000008004640                HAL_TIM_Base_Init
 .text.HAL_TIM_Base_MspInit
                0x0000000008004696       0x14 Drivers/STM32L4xx_HAL_Driver/Src/stm32l4xx_hal_tim.o
                0x0000000008004696                HAL_TIM_Base_MspInit
 *fill*         0x00000000080046aa        0x2 
 .text.HAL_TIM_Base_Start_IT
                0x00000000080046ac       0x54 Drivers/STM32L4xx_HAL_Driver/Src/stm32l4xx_hal_tim.o
                0x00000000080046ac                HAL_TIM_Base_Start_IT
 .text.HAL_TIM_IRQHandler
                0x0000000008004700      0x23e Drivers/STM32L4xx_HAL_Driver/Src/stm32l4xx_hal_tim.o
                0x0000000008004700                HAL_TIM_IRQHandler
 .text.HAL_TIM_OC_DelayElapsedCallback
                0x000000000800493e       0x14 Drivers/STM32L4xx_HAL_Driver/Src/stm32l4xx_hal_tim.o
                0x000000000800493e                HAL_TIM_OC_DelayElapsedCallback
 .text.HAL_TIM_IC_CaptureCallback
                0x0000000008004952       0x14 Drivers/STM32L4xx_HAL_Driver/Src/stm32l4xx_hal_tim.o
                0x0000000008004952                HAL_TIM_IC_CaptureCallback
 .text.HAL_TIM_PWM_PulseFinishedCallback
                0x0000000008004966       0x14 Drivers/STM32L4xx_HAL_Driver/Src/stm32l4xx_hal_tim.o
                0x0000000008004966                HAL_TIM_PWM_PulseFinishedCallback
 .text.HAL_TIM_TriggerCallback
                0x000000000800497a       0x14 Drivers/STM32L4xx_HAL_Driver/Src/stm32l4xx_hal_tim.o
                0x000000000800497a                HAL_TIM_TriggerCallback
 *fill*         0x000000000800498e        0x2 
 .text.TIM_Base_SetConfig
                0x0000000008004990      0x134 Drivers/STM32L4xx_HAL_Driver/Src/stm32l4xx_hal_tim.o
                0x0000000008004990                TIM_Base_SetConfig
 .text.HAL_TIMEx_CommutCallback
                0x0000000008004ac4       0x14 Drivers/STM32L4xx_HAL_Driver/Src/stm32l4xx_hal_tim_ex.o
                0x0000000008004ac4                HAL_TIMEx_CommutCallback
 .text.HAL_TIMEx_BreakCallback
                0x0000000008004ad8       0x14 Drivers/STM32L4xx_HAL_Driver/Src/stm32l4xx_hal_tim_ex.o
                0x0000000008004ad8                HAL_TIMEx_BreakCallback
 .text.HAL_TIMEx_Break2Callback
                0x0000000008004aec       0x14 Drivers/STM32L4xx_HAL_Driver/Src/stm32l4xx_hal_tim_ex.o
                0x0000000008004aec                HAL_TIMEx_Break2Callback
 .text.HAL_UART_Init
                0x0000000008004b00       0x9c Drivers/STM32L4xx_HAL_Driver/Src/stm32l4xx_hal_uart.o
                0x0000000008004b00                HAL_UART_Init
 .text.HAL_UART_DeInit
                0x0000000008004b9c       0x6a Drivers/STM32L4xx_HAL_Driver/Src/stm32l4xx_hal_uart.o
                0x0000000008004b9c                HAL_UART_DeInit
 .text.HAL_UART_Transmit
                0x0000000008004c06      0x126 Drivers/STM32L4xx_HAL_Driver/Src/stm32l4xx_hal_uart.o
                0x0000000008004c06                HAL_UART_Transmit
 .text.HAL_UART_Receive_IT
                0x0000000008004d2c      0x144 Drivers/STM32L4xx_HAL_Driver/Src/stm32l4xx_hal_uart.o
                0x0000000008004d2c                HAL_UART_Receive_IT
 .text.HAL_UART_Transmit_DMA
                0x0000000008004e70       0xf8 Drivers/STM32L4xx_HAL_Driver/Src/stm32l4xx_hal_uart.o
                0x0000000008004e70                HAL_UART_Transmit_DMA
 .text.HAL_UART_IRQHandler
                0x0000000008004f68      0x28c Drivers/STM32L4xx_HAL_Driver/Src/stm32l4xx_hal_uart.o
                0x0000000008004f68                HAL_UART_IRQHandler
 .text.HAL_UART_TxHalfCpltCallback
                0x00000000080051f4       0x14 Drivers/STM32L4xx_HAL_Driver/Src/stm32l4xx_hal_uart.o
                0x00000000080051f4                HAL_UART_TxHalfCpltCallback
 .text.UART_SetConfig
                0x0000000008005208      0x6e4 Drivers/STM32L4xx_HAL_Driver/Src/stm32l4xx_hal_uart.o
                0x0000000008005208                UART_SetConfig
 .text.UART_AdvFeatureConfig
                0x00000000080058ec      0x144 Drivers/STM32L4xx_HAL_Driver/Src/stm32l4xx_hal_uart.o
                0x00000000080058ec                UART_AdvFeatureConfig
 .text.UART_CheckIdleState
                0x0000000008005a30       0x8a Drivers/STM32L4xx_HAL_Driver/Src/stm32l4xx_hal_uart.o
                0x0000000008005a30                UART_CheckIdleState
 .text.UART_WaitOnFlagUntilTimeout
                0x0000000008005aba       0xf6 Drivers/STM32L4xx_HAL_Driver/Src/stm32l4xx_hal_uart.o
                0x0000000008005aba                UART_WaitOnFlagUntilTimeout
 .text.UART_EndTxTransfer
                0x0000000008005bb0       0x2a Drivers/STM32L4xx_HAL_Driver/Src/stm32l4xx_hal_uart.o
 .text.UART_EndRxTransfer
                0x0000000008005bda       0x40 Drivers/STM32L4xx_HAL_Driver/Src/stm32l4xx_hal_uart.o
 .text.UART_DMATransmitCplt
                0x0000000008005c1a       0x54 Drivers/STM32L4xx_HAL_Driver/Src/stm32l4xx_hal_uart.o
 .text.UART_DMATxHalfCplt
                0x0000000008005c6e       0x1c Drivers/STM32L4xx_HAL_Driver/Src/stm32l4xx_hal_uart.o
 .text.UART_DMAError
                0x0000000008005c8a       0x78 Drivers/STM32L4xx_HAL_Driver/Src/stm32l4xx_hal_uart.o
 .text.UART_DMAAbortOnError
                0x0000000008005d02       0x2c Drivers/STM32L4xx_HAL_Driver/Src/stm32l4xx_hal_uart.o
 .text.UART_EndTransmit_IT
                0x0000000008005d2e       0x32 Drivers/STM32L4xx_HAL_Driver/Src/stm32l4xx_hal_uart.o
 .text.UART_RxISR_8BIT
                0x0000000008005d60       0xaa Drivers/STM32L4xx_HAL_Driver/Src/stm32l4xx_hal_uart.o
 .text.UART_RxISR_16BIT
                0x0000000008005e0a       0xaa Drivers/STM32L4xx_HAL_Driver/Src/stm32l4xx_hal_uart.o
 .text.HAL_UARTEx_WakeupCallback
                0x0000000008005eb4       0x14 Drivers/STM32L4xx_HAL_Driver/Src/stm32l4xx_hal_uart_ex.o
                0x0000000008005eb4                HAL_UARTEx_WakeupCallback
 .text.USB_CoreInit
                0x0000000008005ec8       0xa4 Drivers/STM32L4xx_HAL_Driver/Src/stm32l4xx_ll_usb.o
                0x0000000008005ec8                USB_CoreInit
 .text.USB_SetTurnaroundTime
                0x0000000008005f6c      0x138 Drivers/STM32L4xx_HAL_Driver/Src/stm32l4xx_ll_usb.o
                0x0000000008005f6c                USB_SetTurnaroundTime
 .text.USB_EnableGlobalInt
                0x00000000080060a4       0x22 Drivers/STM32L4xx_HAL_Driver/Src/stm32l4xx_ll_usb.o
                0x00000000080060a4                USB_EnableGlobalInt
 .text.USB_DisableGlobalInt
                0x00000000080060c6       0x22 Drivers/STM32L4xx_HAL_Driver/Src/stm32l4xx_ll_usb.o
                0x00000000080060c6                USB_DisableGlobalInt
 .text.USB_SetCurrentMode
                0x00000000080060e8       0x54 Drivers/STM32L4xx_HAL_Driver/Src/stm32l4xx_ll_usb.o
                0x00000000080060e8                USB_SetCurrentMode
 .text.USB_DevInit
                0x000000000800613c      0x298 Drivers/STM32L4xx_HAL_Driver/Src/stm32l4xx_ll_usb.o
                0x000000000800613c                USB_DevInit
 .text.USB_FlushTxFifo
                0x00000000080063d4       0x4c Drivers/STM32L4xx_HAL_Driver/Src/stm32l4xx_ll_usb.o
                0x00000000080063d4                USB_FlushTxFifo
 .text.USB_FlushRxFifo
                0x0000000008006420       0x44 Drivers/STM32L4xx_HAL_Driver/Src/stm32l4xx_ll_usb.o
                0x0000000008006420                USB_FlushRxFifo
 .text.USB_SetDevSpeed
                0x0000000008006464       0x32 Drivers/STM32L4xx_HAL_Driver/Src/stm32l4xx_ll_usb.o
                0x0000000008006464                USB_SetDevSpeed
 .text.USB_GetDevSpeed
                0x0000000008006496       0x3e Drivers/STM32L4xx_HAL_Driver/Src/stm32l4xx_ll_usb.o
                0x0000000008006496                USB_GetDevSpeed
 .text.USB_ActivateEndpoint
                0x00000000080064d4      0x10e Drivers/STM32L4xx_HAL_Driver/Src/stm32l4xx_ll_usb.o
                0x00000000080064d4                USB_ActivateEndpoint
 *fill*         0x00000000080065e2        0x2 
 .text.USB_DeactivateEndpoint
                0x00000000080065e4      0x1b8 Drivers/STM32L4xx_HAL_Driver/Src/stm32l4xx_ll_usb.o
                0x00000000080065e4                USB_DeactivateEndpoint
 .text.USB_EPStartXfer
                0x000000000800679c      0x3b8 Drivers/STM32L4xx_HAL_Driver/Src/stm32l4xx_ll_usb.o
                0x000000000800679c                USB_EPStartXfer
 .text.USB_EP0StartXfer
                0x0000000008006b54      0x23c Drivers/STM32L4xx_HAL_Driver/Src/stm32l4xx_ll_usb.o
                0x0000000008006b54                USB_EP0StartXfer
 .text.USB_WritePacket
                0x0000000008006d90       0x62 Drivers/STM32L4xx_HAL_Driver/Src/stm32l4xx_ll_usb.o
                0x0000000008006d90                USB_WritePacket
 .text.USB_ReadPacket
                0x0000000008006df2       0x52 Drivers/STM32L4xx_HAL_Driver/Src/stm32l4xx_ll_usb.o
                0x0000000008006df2                USB_ReadPacket
 .text.USB_EPSetStall
                0x0000000008006e44       0xdc Drivers/STM32L4xx_HAL_Driver/Src/stm32l4xx_ll_usb.o
                0x0000000008006e44                USB_EPSetStall
 .text.USB_EPClearStall
                0x0000000008006f20       0xcc Drivers/STM32L4xx_HAL_Driver/Src/stm32l4xx_ll_usb.o
                0x0000000008006f20                USB_EPClearStall
 .text.USB_SetDevAddress
                0x0000000008006fec       0x4c Drivers/STM32L4xx_HAL_Driver/Src/stm32l4xx_ll_usb.o
                0x0000000008006fec                USB_SetDevAddress
 .text.USB_DevConnect
                0x0000000008007038       0x30 Drivers/STM32L4xx_HAL_Driver/Src/stm32l4xx_ll_usb.o
                0x0000000008007038                USB_DevConnect
 .text.USB_DevDisconnect
                0x0000000008007068       0x30 Drivers/STM32L4xx_HAL_Driver/Src/stm32l4xx_ll_usb.o
                0x0000000008007068                USB_DevDisconnect
 .text.USB_ReadInterrupts
                0x0000000008007098       0x26 Drivers/STM32L4xx_HAL_Driver/Src/stm32l4xx_ll_usb.o
                0x0000000008007098                USB_ReadInterrupts
 .text.USB_ReadDevAllOutEpInterrupt
                0x00000000080070be       0x34 Drivers/STM32L4xx_HAL_Driver/Src/stm32l4xx_ll_usb.o
                0x00000000080070be                USB_ReadDevAllOutEpInterrupt
 .text.USB_ReadDevAllInEpInterrupt
                0x00000000080070f2       0x34 Drivers/STM32L4xx_HAL_Driver/Src/stm32l4xx_ll_usb.o
                0x00000000080070f2                USB_ReadDevAllInEpInterrupt
 .text.USB_ReadDevOutEPInterrupt
                0x0000000008007126       0x3c Drivers/STM32L4xx_HAL_Driver/Src/stm32l4xx_ll_usb.o
                0x0000000008007126                USB_ReadDevOutEPInterrupt
 .text.USB_ReadDevInEPInterrupt
                0x0000000008007162       0x5c Drivers/STM32L4xx_HAL_Driver/Src/stm32l4xx_ll_usb.o
                0x0000000008007162                USB_ReadDevInEPInterrupt
 .text.USB_GetMode
                0x00000000080071be       0x1c Drivers/STM32L4xx_HAL_Driver/Src/stm32l4xx_ll_usb.o
                0x00000000080071be                USB_GetMode
 .text.USB_ActivateSetup
                0x00000000080071da       0x46 Drivers/STM32L4xx_HAL_Driver/Src/stm32l4xx_ll_usb.o
                0x00000000080071da                USB_ActivateSetup
 .text.USB_EP0_OutStart
                0x0000000008007220       0x90 Drivers/STM32L4xx_HAL_Driver/Src/stm32l4xx_ll_usb.o
                0x0000000008007220                USB_EP0_OutStart
 .text.USB_CoreReset
                0x00000000080072b0       0x68 Drivers/STM32L4xx_HAL_Driver/Src/stm32l4xx_ll_usb.o
 .text.USBD_CDC_Init
                0x0000000008007318       0xf4 Middlewares/ST/STM32_USB_Device_Library/Class/CDC/Src/usbd_cdc.o
 .text.USBD_CDC_DeInit
                0x000000000800740c       0x6e Middlewares/ST/STM32_USB_Device_Library/Class/CDC/Src/usbd_cdc.o
 .text.USBD_CDC_Setup
                0x000000000800747a      0x140 Middlewares/ST/STM32_USB_Device_Library/Class/CDC/Src/usbd_cdc.o
 .text.USBD_CDC_DataIn
                0x00000000080075ba       0xa6 Middlewares/ST/STM32_USB_Device_Library/Class/CDC/Src/usbd_cdc.o
 .text.USBD_CDC_DataOut
                0x0000000008007660       0x56 Middlewares/ST/STM32_USB_Device_Library/Class/CDC/Src/usbd_cdc.o
 .text.USBD_CDC_EP0_RxReady
                0x00000000080076b6       0x50 Middlewares/ST/STM32_USB_Device_Library/Class/CDC/Src/usbd_cdc.o
 *fill*         0x0000000008007706        0x2 
 .text.USBD_CDC_GetFSCfgDesc
                0x0000000008007708       0x20 Middlewares/ST/STM32_USB_Device_Library/Class/CDC/Src/usbd_cdc.o
 .text.USBD_CDC_GetHSCfgDesc
                0x0000000008007728       0x20 Middlewares/ST/STM32_USB_Device_Library/Class/CDC/Src/usbd_cdc.o
 .text.USBD_CDC_GetOtherSpeedCfgDesc
                0x0000000008007748       0x20 Middlewares/ST/STM32_USB_Device_Library/Class/CDC/Src/usbd_cdc.o
 .text.USBD_CDC_GetDeviceQualifierDescriptor
                0x0000000008007768       0x20 Middlewares/ST/STM32_USB_Device_Library/Class/CDC/Src/usbd_cdc.o
                0x0000000008007768                USBD_CDC_GetDeviceQualifierDescriptor
 .text.USBD_CDC_RegisterInterface
                0x0000000008007788       0x2e Middlewares/ST/STM32_USB_Device_Library/Class/CDC/Src/usbd_cdc.o
                0x0000000008007788                USBD_CDC_RegisterInterface
 .text.USBD_CDC_SetTxBuffer
                0x00000000080077b6       0x34 Middlewares/ST/STM32_USB_Device_Library/Class/CDC/Src/usbd_cdc.o
                0x00000000080077b6                USBD_CDC_SetTxBuffer
 .text.USBD_CDC_SetRxBuffer
                0x00000000080077ea       0x28 Middlewares/ST/STM32_USB_Device_Library/Class/CDC/Src/usbd_cdc.o
                0x00000000080077ea                USBD_CDC_SetRxBuffer
 .text.USBD_CDC_TransmitPacket
                0x0000000008007812       0x5e Middlewares/ST/STM32_USB_Device_Library/Class/CDC/Src/usbd_cdc.o
                0x0000000008007812                USBD_CDC_TransmitPacket
 .text.USBD_CDC_ReceivePacket
                0x0000000008007870       0x54 Middlewares/ST/STM32_USB_Device_Library/Class/CDC/Src/usbd_cdc.o
                0x0000000008007870                USBD_CDC_ReceivePacket
 .text.USBD_Init
                0x00000000080078c4       0x56 Middlewares/ST/STM32_USB_Device_Library/Core/Src/usbd_core.o
                0x00000000080078c4                USBD_Init
 .text.USBD_RegisterClass
                0x000000000800791a       0x34 Middlewares/ST/STM32_USB_Device_Library/Core/Src/usbd_core.o
                0x000000000800791a                USBD_RegisterClass
 .text.USBD_Start
                0x000000000800794e       0x18 Middlewares/ST/STM32_USB_Device_Library/Core/Src/usbd_core.o
                0x000000000800794e                USBD_Start
 .text.USBD_RunTestMode
                0x0000000008007966       0x16 Middlewares/ST/STM32_USB_Device_Library/Core/Src/usbd_core.o
                0x0000000008007966                USBD_RunTestMode
 .text.USBD_SetClassConfig
                0x000000000800797c       0x3e Middlewares/ST/STM32_USB_Device_Library/Core/Src/usbd_core.o
                0x000000000800797c                USBD_SetClassConfig
 .text.USBD_ClrClassConfig
                0x00000000080079ba       0x26 Middlewares/ST/STM32_USB_Device_Library/Core/Src/usbd_core.o
                0x00000000080079ba                USBD_ClrClassConfig
 .text.USBD_LL_SetupStage
                0x00000000080079e0       0x96 Middlewares/ST/STM32_USB_Device_Library/Core/Src/usbd_core.o
                0x00000000080079e0                USBD_LL_SetupStage
 .text.USBD_LL_DataOutStage
                0x0000000008007a76       0xe2 Middlewares/ST/STM32_USB_Device_Library/Core/Src/usbd_core.o
                0x0000000008007a76                USBD_LL_DataOutStage
 .text.USBD_LL_DataInStage
                0x0000000008007b58      0x14a Middlewares/ST/STM32_USB_Device_Library/Core/Src/usbd_core.o
                0x0000000008007b58                USBD_LL_DataInStage
 .text.USBD_LL_Reset
                0x0000000008007ca2       0x82 Middlewares/ST/STM32_USB_Device_Library/Core/Src/usbd_core.o
                0x0000000008007ca2                USBD_LL_Reset
 .text.USBD_LL_SetSpeed
                0x0000000008007d24       0x20 Middlewares/ST/STM32_USB_Device_Library/Core/Src/usbd_core.o
                0x0000000008007d24                USBD_LL_SetSpeed
 .text.USBD_LL_Suspend
                0x0000000008007d44       0x2a Middlewares/ST/STM32_USB_Device_Library/Core/Src/usbd_core.o
                0x0000000008007d44                USBD_LL_Suspend
 .text.USBD_LL_Resume
                0x0000000008007d6e       0x2c Middlewares/ST/STM32_USB_Device_Library/Core/Src/usbd_core.o
                0x0000000008007d6e                USBD_LL_Resume
 .text.USBD_LL_SOF
                0x0000000008007d9a       0x34 Middlewares/ST/STM32_USB_Device_Library/Core/Src/usbd_core.o
                0x0000000008007d9a                USBD_LL_SOF
 .text.USBD_LL_IsoINIncomplete
                0x0000000008007dce       0x1a Middlewares/ST/STM32_USB_Device_Library/Core/Src/usbd_core.o
                0x0000000008007dce                USBD_LL_IsoINIncomplete
 .text.USBD_LL_IsoOUTIncomplete
                0x0000000008007de8       0x1a Middlewares/ST/STM32_USB_Device_Library/Core/Src/usbd_core.o
                0x0000000008007de8                USBD_LL_IsoOUTIncomplete
 .text.USBD_LL_DevConnected
                0x0000000008007e02       0x16 Middlewares/ST/STM32_USB_Device_Library/Core/Src/usbd_core.o
                0x0000000008007e02                USBD_LL_DevConnected
 .text.USBD_LL_DevDisconnected
                0x0000000008007e18       0x2e Middlewares/ST/STM32_USB_Device_Library/Core/Src/usbd_core.o
                0x0000000008007e18                USBD_LL_DevDisconnected
 *fill*         0x0000000008007e46        0x2 
 .text.USBD_StdDevReq
                0x0000000008007e48       0xd4 Middlewares/ST/STM32_USB_Device_Library/Core/Src/usbd_ctlreq.o
                0x0000000008007e48                USBD_StdDevReq
 .text.USBD_StdItfReq
                0x0000000008007f1c       0x8c Middlewares/ST/STM32_USB_Device_Library/Core/Src/usbd_ctlreq.o
                0x0000000008007f1c                USBD_StdItfReq
 .text.USBD_StdEPReq
                0x0000000008007fa8      0x2ba Middlewares/ST/STM32_USB_Device_Library/Core/Src/usbd_ctlreq.o
                0x0000000008007fa8                USBD_StdEPReq
 *fill*         0x0000000008008262        0x2 
 .text.USBD_GetDescriptor
                0x0000000008008264      0x324 Middlewares/ST/STM32_USB_Device_Library/Core/Src/usbd_ctlreq.o
 .text.USBD_SetAddress
                0x0000000008008588       0x84 Middlewares/ST/STM32_USB_Device_Library/Core/Src/usbd_ctlreq.o
 .text.USBD_SetConfig
                0x000000000800860c      0x11c Middlewares/ST/STM32_USB_Device_Library/Core/Src/usbd_ctlreq.o
 .text.USBD_GetConfig
                0x0000000008008728       0x68 Middlewares/ST/STM32_USB_Device_Library/Core/Src/usbd_ctlreq.o
 .text.USBD_GetStatus
                0x0000000008008790       0x66 Middlewares/ST/STM32_USB_Device_Library/Core/Src/usbd_ctlreq.o
 .text.USBD_SetFeature
                0x00000000080087f6       0x28 Middlewares/ST/STM32_USB_Device_Library/Core/Src/usbd_ctlreq.o
 .text.USBD_ClrFeature
                0x000000000800881e       0x42 Middlewares/ST/STM32_USB_Device_Library/Core/Src/usbd_ctlreq.o
 .text.USBD_ParseSetupRequest
                0x0000000008008860       0x7a Middlewares/ST/STM32_USB_Device_Library/Core/Src/usbd_ctlreq.o
                0x0000000008008860                USBD_ParseSetupRequest
 .text.USBD_CtlError
                0x00000000080088da       0x22 Middlewares/ST/STM32_USB_Device_Library/Core/Src/usbd_ctlreq.o
                0x00000000080088da                USBD_CtlError
 .text.USBD_GetString
                0x00000000080088fc       0x84 Middlewares/ST/STM32_USB_Device_Library/Core/Src/usbd_ctlreq.o
                0x00000000080088fc                USBD_GetString
 .text.USBD_GetLen
                0x0000000008008980       0x30 Middlewares/ST/STM32_USB_Device_Library/Core/Src/usbd_ctlreq.o
 .text.USBD_CtlSendData
                0x00000000080089b0       0x38 Middlewares/ST/STM32_USB_Device_Library/Core/Src/usbd_ioreq.o
                0x00000000080089b0                USBD_CtlSendData
 .text.USBD_CtlContinueSendData
                0x00000000080089e8       0x24 Middlewares/ST/STM32_USB_Device_Library/Core/Src/usbd_ioreq.o
                0x00000000080089e8                USBD_CtlContinueSendData
 .text.USBD_CtlPrepareRx
                0x0000000008008a0c       0x3c Middlewares/ST/STM32_USB_Device_Library/Core/Src/usbd_ioreq.o
                0x0000000008008a0c                USBD_CtlPrepareRx
 .text.USBD_CtlContinueRx
                0x0000000008008a48       0x24 Middlewares/ST/STM32_USB_Device_Library/Core/Src/usbd_ioreq.o
                0x0000000008008a48                USBD_CtlContinueRx
 .text.USBD_CtlSendStatus
                0x0000000008008a6c       0x26 Middlewares/ST/STM32_USB_Device_Library/Core/Src/usbd_ioreq.o
                0x0000000008008a6c                USBD_CtlSendStatus
 .text.USBD_CtlReceiveStatus
                0x0000000008008a92       0x26 Middlewares/ST/STM32_USB_Device_Library/Core/Src/usbd_ioreq.o
                0x0000000008008a92                USBD_CtlReceiveStatus
 .text.MX_USB_DEVICE_Init
                0x0000000008008ab8       0x60 USB_DEVICE/App/usb_device.o
                0x0000000008008ab8                MX_USB_DEVICE_Init
 .text.CDC_Init_FS
                0x0000000008008b18       0xbc USB_DEVICE/App/usbd_cdc_if.o
 .text.CDC_DeInit_FS
                0x0000000008008bd4       0x20 USB_DEVICE/App/usbd_cdc_if.o
 .text.CDC_Control_FS
                0x0000000008008bf4      0x15c USB_DEVICE/App/usbd_cdc_if.o
 .text.CDC_Receive_FS
                0x0000000008008d50       0x28 USB_DEVICE/App/usbd_cdc_if.o
 .text.HAL_TIM_PeriodElapsedCallback
                0x0000000008008d78       0x90 USB_DEVICE/App/usbd_cdc_if.o
                0x0000000008008d78                HAL_TIM_PeriodElapsedCallback
 .text.HAL_UART_RxCpltCallback
                0x0000000008008e08       0x74 USB_DEVICE/App/usbd_cdc_if.o
                0x0000000008008e08                HAL_UART_RxCpltCallback
 .text.HAL_UART_TxCpltCallback
                0x0000000008008e7c       0x30 USB_DEVICE/App/usbd_cdc_if.o
                0x0000000008008e7c                HAL_UART_TxCpltCallback
 .text.ComPort_Config
                0x0000000008008eac       0xf4 USB_DEVICE/App/usbd_cdc_if.o
 .text.TIM_Config
                0x0000000008008fa0       0x40 USB_DEVICE/App/usbd_cdc_if.o
 .text.HAL_UART_ErrorCallback
                0x0000000008008fe0       0x14 USB_DEVICE/App/usbd_cdc_if.o
                0x0000000008008fe0                HAL_UART_ErrorCallback
 .text.USBD_FS_DeviceDescriptor
                0x0000000008008ff4       0x24 USB_DEVICE/App/usbd_desc.o
                0x0000000008008ff4                USBD_FS_DeviceDescriptor
 .text.USBD_FS_LangIDStrDescriptor
                0x0000000008009018       0x24 USB_DEVICE/App/usbd_desc.o
                0x0000000008009018                USBD_FS_LangIDStrDescriptor
 .text.USBD_FS_ProductStrDescriptor
                0x000000000800903c       0x3c USB_DEVICE/App/usbd_desc.o
                0x000000000800903c                USBD_FS_ProductStrDescriptor
 .text.USBD_FS_ManufacturerStrDescriptor
                0x0000000008009078       0x28 USB_DEVICE/App/usbd_desc.o
                0x0000000008009078                USBD_FS_ManufacturerStrDescriptor
 .text.USBD_FS_SerialStrDescriptor
                0x00000000080090a0       0x24 USB_DEVICE/App/usbd_desc.o
                0x00000000080090a0                USBD_FS_SerialStrDescriptor
 .text.USBD_FS_ConfigStrDescriptor
                0x00000000080090c4       0x3c USB_DEVICE/App/usbd_desc.o
                0x00000000080090c4                USBD_FS_ConfigStrDescriptor
 .text.USBD_FS_InterfaceStrDescriptor
                0x0000000008009100       0x3c USB_DEVICE/App/usbd_desc.o
                0x0000000008009100                USBD_FS_InterfaceStrDescriptor
 .text.USBD_FS_USR_BOSDescriptor
                0x000000000800913c       0x24 USB_DEVICE/App/usbd_desc.o
                0x000000000800913c                USBD_FS_USR_BOSDescriptor
 .text.Get_SerialNum
                0x0000000008009160       0x58 USB_DEVICE/App/usbd_desc.o
 .text.IntToUnicode
                0x00000000080091b8       0x7c USB_DEVICE/App/usbd_desc.o
 .text.HAL_PCD_MspInit
                0x0000000008009234       0xcc USB_DEVICE/Target/usbd_conf.o
                0x0000000008009234                HAL_PCD_MspInit
 .text.HAL_PCD_SetupStageCallback
                0x0000000008009300       0x24 USB_DEVICE/Target/usbd_conf.o
                0x0000000008009300                HAL_PCD_SetupStageCallback
 .text.HAL_PCD_DataOutStageCallback
                0x0000000008009324       0x36 USB_DEVICE/Target/usbd_conf.o
                0x0000000008009324                HAL_PCD_DataOutStageCallback
 .text.HAL_PCD_DataInStageCallback
                0x000000000800935a       0x34 USB_DEVICE/Target/usbd_conf.o
                0x000000000800935a                HAL_PCD_DataInStageCallback
 .text.HAL_PCD_SOFCallback
                0x000000000800938e       0x1c USB_DEVICE/Target/usbd_conf.o
                0x000000000800938e                HAL_PCD_SOFCallback
 .text.HAL_PCD_ResetCallback
                0x00000000080093aa       0x3c USB_DEVICE/Target/usbd_conf.o
                0x00000000080093aa                HAL_PCD_ResetCallback
 *fill*         0x00000000080093e6        0x2 
 .text.HAL_PCD_SuspendCallback
                0x00000000080093e8       0x4c USB_DEVICE/Target/usbd_conf.o
                0x00000000080093e8                HAL_PCD_SuspendCallback
 .text.HAL_PCD_ResumeCallback
                0x0000000008009434       0x50 USB_DEVICE/Target/usbd_conf.o
                0x0000000008009434                HAL_PCD_ResumeCallback
 .text.HAL_PCD_ISOOUTIncompleteCallback
                0x0000000008009484       0x24 USB_DEVICE/Target/usbd_conf.o
                0x0000000008009484                HAL_PCD_ISOOUTIncompleteCallback
 .text.HAL_PCD_ISOINIncompleteCallback
                0x00000000080094a8       0x24 USB_DEVICE/Target/usbd_conf.o
                0x00000000080094a8                HAL_PCD_ISOINIncompleteCallback
 .text.HAL_PCD_ConnectCallback
                0x00000000080094cc       0x1c USB_DEVICE/Target/usbd_conf.o
                0x00000000080094cc                HAL_PCD_ConnectCallback
 .text.HAL_PCD_DisconnectCallback
                0x00000000080094e8       0x1c USB_DEVICE/Target/usbd_conf.o
                0x00000000080094e8                HAL_PCD_DisconnectCallback
 .text.USBD_LL_Init
                0x0000000008009504       0x98 USB_DEVICE/Target/usbd_conf.o
                0x0000000008009504                USBD_LL_Init
 .text.USBD_LL_Start
                0x000000000800959c       0x64 USB_DEVICE/Target/usbd_conf.o
                0x000000000800959c                USBD_LL_Start
 .text.USBD_LL_OpenEP
                0x0000000008009600       0x7c USB_DEVICE/Target/usbd_conf.o
                0x0000000008009600                USBD_LL_OpenEP
 .text.USBD_LL_CloseEP
                0x000000000800967c       0x6c USB_DEVICE/Target/usbd_conf.o
                0x000000000800967c                USBD_LL_CloseEP
 .text.USBD_LL_StallEP
                0x00000000080096e8       0x6c USB_DEVICE/Target/usbd_conf.o
                0x00000000080096e8                USBD_LL_StallEP
 .text.USBD_LL_ClearStallEP
                0x0000000008009754       0x6c USB_DEVICE/Target/usbd_conf.o
                0x0000000008009754                USBD_LL_ClearStallEP
 .text.USBD_LL_IsStallEP
                0x00000000080097c0       0x58 USB_DEVICE/Target/usbd_conf.o
                0x00000000080097c0                USBD_LL_IsStallEP
 .text.USBD_LL_SetUSBAddress
                0x0000000008009818       0x6c USB_DEVICE/Target/usbd_conf.o
                0x0000000008009818                USBD_LL_SetUSBAddress
 .text.USBD_LL_Transmit
                0x0000000008009884       0x74 USB_DEVICE/Target/usbd_conf.o
                0x0000000008009884                USBD_LL_Transmit
 .text.USBD_LL_PrepareReceive
                0x00000000080098f8       0x74 USB_DEVICE/Target/usbd_conf.o
                0x00000000080098f8                USBD_LL_PrepareReceive
 .text.USBD_LL_GetRxDataSize
                0x000000000800996c       0x26 USB_DEVICE/Target/usbd_conf.o
                0x000000000800996c                USBD_LL_GetRxDataSize
 *fill*         0x0000000008009992        0x2 
 .text.HAL_PCDEx_LPM_Callback
                0x0000000008009994       0x9c USB_DEVICE/Target/usbd_conf.o
                0x0000000008009994                HAL_PCDEx_LPM_Callback
 .text.USBD_static_malloc
                0x0000000008009a30       0x1c USB_DEVICE/Target/usbd_conf.o
                0x0000000008009a30                USBD_static_malloc
 .text.USBD_static_free
                0x0000000008009a4c       0x14 USB_DEVICE/Target/usbd_conf.o
                0x0000000008009a4c                USBD_static_free
 .text.SystemClockConfig_Resume
                0x0000000008009a60        0xc USB_DEVICE/Target/usbd_conf.o
 .text.__libc_init_array
                0x0000000008009a6c       0x48 c:/st/stm32cubeide_1.3.0/stm32cubeide/plugins/com.st.stm32cube.ide.mcu.externaltools.gnu-tools-for-stm32.7-2018-q2-update.win32_1.0.0.201904181610/tools/bin/../lib/gcc/arm-none-eabi/7.3.1/../../../../arm-none-eabi/lib/thumb/v7e-m/fpv4-sp/hard\libc_nano.a(lib_a-init.o)
                0x0000000008009a6c                __libc_init_array
 .text.memcpy   0x0000000008009ab4       0x16 c:/st/stm32cubeide_1.3.0/stm32cubeide/plugins/com.st.stm32cube.ide.mcu.externaltools.gnu-tools-for-stm32.7-2018-q2-update.win32_1.0.0.201904181610/tools/bin/../lib/gcc/arm-none-eabi/7.3.1/../../../../arm-none-eabi/lib/thumb/v7e-m/fpv4-sp/hard\libc_nano.a(lib_a-memcpy-stub.o)
                0x0000000008009ab4                memcpy
 .text.memset   0x0000000008009aca       0x10 c:/st/stm32cubeide_1.3.0/stm32cubeide/plugins/com.st.stm32cube.ide.mcu.externaltools.gnu-tools-for-stm32.7-2018-q2-update.win32_1.0.0.201904181610/tools/bin/../lib/gcc/arm-none-eabi/7.3.1/../../../../arm-none-eabi/lib/thumb/v7e-m/fpv4-sp/hard\libc_nano.a(lib_a-memset.o)
                0x0000000008009aca                memset
 .text.strncmp  0x0000000008009ada       0x24 c:/st/stm32cubeide_1.3.0/stm32cubeide/plugins/com.st.stm32cube.ide.mcu.externaltools.gnu-tools-for-stm32.7-2018-q2-update.win32_1.0.0.201904181610/tools/bin/../lib/gcc/arm-none-eabi/7.3.1/../../../../arm-none-eabi/lib/thumb/v7e-m/fpv4-sp/hard\libc_nano.a(lib_a-strncmp.o)
                0x0000000008009ada                strncmp
 *(.glue_7)
 .glue_7        0x0000000008009afe        0x0 linker stubs
 *(.glue_7t)
 .glue_7t       0x0000000008009afe        0x0 linker stubs
 *(.eh_frame)
 *fill*         0x0000000008009afe        0x2 
 .eh_frame      0x0000000008009b00        0x0 c:/st/stm32cubeide_1.3.0/stm32cubeide/plugins/com.st.stm32cube.ide.mcu.externaltools.gnu-tools-for-stm32.7-2018-q2-update.win32_1.0.0.201904181610/tools/bin/../lib/gcc/arm-none-eabi/7.3.1/thumb/v7e-m/fpv4-sp/hard/crtbegin.o
 *(.init)
 .init          0x0000000008009b00        0x4 c:/st/stm32cubeide_1.3.0/stm32cubeide/plugins/com.st.stm32cube.ide.mcu.externaltools.gnu-tools-for-stm32.7-2018-q2-update.win32_1.0.0.201904181610/tools/bin/../lib/gcc/arm-none-eabi/7.3.1/thumb/v7e-m/fpv4-sp/hard/crti.o
                0x0000000008009b00                _init
 .init          0x0000000008009b04        0x8 c:/st/stm32cubeide_1.3.0/stm32cubeide/plugins/com.st.stm32cube.ide.mcu.externaltools.gnu-tools-for-stm32.7-2018-q2-update.win32_1.0.0.201904181610/tools/bin/../lib/gcc/arm-none-eabi/7.3.1/thumb/v7e-m/fpv4-sp/hard/crtn.o
 *(.fini)
 .fini          0x0000000008009b0c        0x4 c:/st/stm32cubeide_1.3.0/stm32cubeide/plugins/com.st.stm32cube.ide.mcu.externaltools.gnu-tools-for-stm32.7-2018-q2-update.win32_1.0.0.201904181610/tools/bin/../lib/gcc/arm-none-eabi/7.3.1/thumb/v7e-m/fpv4-sp/hard/crti.o
                0x0000000008009b0c                _fini
 .fini          0x0000000008009b10        0x8 c:/st/stm32cubeide_1.3.0/stm32cubeide/plugins/com.st.stm32cube.ide.mcu.externaltools.gnu-tools-for-stm32.7-2018-q2-update.win32_1.0.0.201904181610/tools/bin/../lib/gcc/arm-none-eabi/7.3.1/thumb/v7e-m/fpv4-sp/hard/crtn.o
                0x0000000008009b18                . = ALIGN (0x4)
                0x0000000008009b18                _etext = .

.vfp11_veneer   0x0000000008009b18        0x0
 .vfp11_veneer  0x0000000008009b18        0x0 linker stubs

.v4_bx          0x0000000008009b18        0x0
 .v4_bx         0x0000000008009b18        0x0 linker stubs

.iplt           0x0000000008009b18        0x0
 .iplt          0x0000000008009b18        0x0 c:/st/stm32cubeide_1.3.0/stm32cubeide/plugins/com.st.stm32cube.ide.mcu.externaltools.gnu-tools-for-stm32.7-2018-q2-update.win32_1.0.0.201904181610/tools/bin/../lib/gcc/arm-none-eabi/7.3.1/thumb/v7e-m/fpv4-sp/hard/crtbegin.o

.rodata         0x0000000008009b18      0x200
                0x0000000008009b18                . = ALIGN (0x4)
 *(.rodata)
 .rodata        0x0000000008009b18       0x5d Core/Src/main.o
 *fill*         0x0000000008009b75        0x3 
 .rodata        0x0000000008009b78      0x10f Drivers/Custom/esp8266.o
 *fill*         0x0000000008009c87        0x1 
 .rodata        0x0000000008009c88       0x46 USB_DEVICE/App/usbd_desc.o
 *(.rodata*)
 *fill*         0x0000000008009cce        0x2 
 .rodata.AHBPrescTable
                0x0000000008009cd0       0x10 Core/Src/system_stm32l4xx.o
                0x0000000008009cd0                AHBPrescTable
 .rodata.APBPrescTable
                0x0000000008009ce0        0x8 Core/Src/system_stm32l4xx.o
                0x0000000008009ce0                APBPrescTable
 .rodata.MSIRangeTable
                0x0000000008009ce8       0x30 Core/Src/system_stm32l4xx.o
                0x0000000008009ce8                MSIRangeTable
                0x0000000008009d18                . = ALIGN (0x4)

.ARM.extab      0x0000000008009d18        0x0
                0x0000000008009d18                . = ALIGN (0x4)
 *(.ARM.extab* .gnu.linkonce.armextab.*)
                0x0000000008009d18                . = ALIGN (0x4)

.ARM            0x0000000008009d18        0x8
                0x0000000008009d18                . = ALIGN (0x4)
                0x0000000008009d18                __exidx_start = .
 *(.ARM.exidx*)
 .ARM.exidx     0x0000000008009d18        0x8 c:/st/stm32cubeide_1.3.0/stm32cubeide/plugins/com.st.stm32cube.ide.mcu.externaltools.gnu-tools-for-stm32.7-2018-q2-update.win32_1.0.0.201904181610/tools/bin/../lib/gcc/arm-none-eabi/7.3.1/thumb/v7e-m/fpv4-sp/hard\libgcc.a(_udivmoddi4.o)
                0x0000000008009d20                __exidx_end = .
                0x0000000008009d20                . = ALIGN (0x4)

.rel.dyn        0x0000000008009d20        0x0
 .rel.iplt      0x0000000008009d20        0x0 c:/st/stm32cubeide_1.3.0/stm32cubeide/plugins/com.st.stm32cube.ide.mcu.externaltools.gnu-tools-for-stm32.7-2018-q2-update.win32_1.0.0.201904181610/tools/bin/../lib/gcc/arm-none-eabi/7.3.1/thumb/v7e-m/fpv4-sp/hard/crtbegin.o

.preinit_array  0x0000000008009d20        0x0
                0x0000000008009d20                . = ALIGN (0x4)
                0x0000000008009d20                PROVIDE (__preinit_array_start = .)
 *(.preinit_array*)
                0x0000000008009d20                PROVIDE (__preinit_array_end = .)
                0x0000000008009d20                . = ALIGN (0x4)

.init_array     0x0000000008009d20        0x4
                0x0000000008009d20                . = ALIGN (0x4)
                0x0000000008009d20                PROVIDE (__init_array_start = .)
 *(SORT_BY_NAME(.init_array.*))
 *(.init_array*)
 .init_array    0x0000000008009d20        0x4 c:/st/stm32cubeide_1.3.0/stm32cubeide/plugins/com.st.stm32cube.ide.mcu.externaltools.gnu-tools-for-stm32.7-2018-q2-update.win32_1.0.0.201904181610/tools/bin/../lib/gcc/arm-none-eabi/7.3.1/thumb/v7e-m/fpv4-sp/hard/crtbegin.o
                0x0000000008009d24                PROVIDE (__init_array_end = .)
                0x0000000008009d24                . = ALIGN (0x4)

.fini_array     0x0000000008009d24        0x4
                0x0000000008009d24                . = ALIGN (0x4)
                [!provide]                        PROVIDE (__fini_array_start = .)
 *(SORT_BY_NAME(.fini_array.*))
 *(.fini_array*)
 .fini_array    0x0000000008009d24        0x4 c:/st/stm32cubeide_1.3.0/stm32cubeide/plugins/com.st.stm32cube.ide.mcu.externaltools.gnu-tools-for-stm32.7-2018-q2-update.win32_1.0.0.201904181610/tools/bin/../lib/gcc/arm-none-eabi/7.3.1/thumb/v7e-m/fpv4-sp/hard/crtbegin.o
                [!provide]                        PROVIDE (__fini_array_end = .)
                0x0000000008009d28                . = ALIGN (0x4)
                0x0000000008009d28                _sidata = LOADADDR (.data)

.data           0x0000000020000000      0x194 load address 0x0000000008009d28
                0x0000000020000000                . = ALIGN (0x4)
                0x0000000020000000                _sdata = .
 *(.data)
 *(.data*)
 .data.SystemCoreClock
                0x0000000020000000        0x4 Core/Src/system_stm32l4xx.o
                0x0000000020000000                SystemCoreClock
 .data.uwTickPrio
                0x0000000020000004        0x4 Drivers/STM32L4xx_HAL_Driver/Src/stm32l4xx_hal.o
                0x0000000020000004                uwTickPrio
 .data.uwTickFreq
                0x0000000020000008        0x4 Drivers/STM32L4xx_HAL_Driver/Src/stm32l4xx_hal.o
                0x0000000020000008                uwTickFreq
 .data.USBD_CDC_DeviceQualifierDesc
                0x000000002000000c        0xa Middlewares/ST/STM32_USB_Device_Library/Class/CDC/Src/usbd_cdc.o
 *fill*         0x0000000020000016        0x2 
 .data.USBD_CDC
                0x0000000020000018       0x38 Middlewares/ST/STM32_USB_Device_Library/Class/CDC/Src/usbd_cdc.o
                0x0000000020000018                USBD_CDC
 .data.USBD_CDC_CfgHSDesc
                0x0000000020000050       0x43 Middlewares/ST/STM32_USB_Device_Library/Class/CDC/Src/usbd_cdc.o
                0x0000000020000050                USBD_CDC_CfgHSDesc
 *fill*         0x0000000020000093        0x1 
 .data.USBD_CDC_CfgFSDesc
                0x0000000020000094       0x43 Middlewares/ST/STM32_USB_Device_Library/Class/CDC/Src/usbd_cdc.o
                0x0000000020000094                USBD_CDC_CfgFSDesc
 *fill*         0x00000000200000d7        0x1 
 .data.USBD_CDC_OtherSpeedCfgDesc
                0x00000000200000d8       0x43 Middlewares/ST/STM32_USB_Device_Library/Class/CDC/Src/usbd_cdc.o
                0x00000000200000d8                USBD_CDC_OtherSpeedCfgDesc
 *fill*         0x000000002000011b        0x1 
 .data.LineCoding
                0x000000002000011c        0x8 USB_DEVICE/App/usbd_cdc_if.o
                0x000000002000011c                LineCoding
 .data.USBD_Interface_fops_FS
                0x0000000020000124       0x10 USB_DEVICE/App/usbd_cdc_if.o
                0x0000000020000124                USBD_Interface_fops_FS
 .data.FS_Desc  0x0000000020000134       0x20 USB_DEVICE/App/usbd_desc.o
                0x0000000020000134                FS_Desc
 .data.USBD_FS_DeviceDesc
                0x0000000020000154       0x12 USB_DEVICE/App/usbd_desc.o
                0x0000000020000154                USBD_FS_DeviceDesc
 *fill*         0x0000000020000166        0x2 
 .data.USBD_FS_BOSDesc
                0x0000000020000168        0xc USB_DEVICE/App/usbd_desc.o
                0x0000000020000168                USBD_FS_BOSDesc
 .data.USBD_LangIDDesc
                0x0000000020000174        0x4 USB_DEVICE/App/usbd_desc.o
                0x0000000020000174                USBD_LangIDDesc
 .data.USBD_StringSerial
                0x0000000020000178       0x1a USB_DEVICE/App/usbd_desc.o
                0x0000000020000178                USBD_StringSerial
                0x0000000020000194                . = ALIGN (0x4)
 *fill*         0x0000000020000192        0x2 
                0x0000000020000194                _edata = .

.igot.plt       0x0000000020000194        0x0 load address 0x0000000008009ebc
 .igot.plt      0x0000000020000194        0x0 c:/st/stm32cubeide_1.3.0/stm32cubeide/plugins/com.st.stm32cube.ide.mcu.externaltools.gnu-tools-for-stm32.7-2018-q2-update.win32_1.0.0.201904181610/tools/bin/../lib/gcc/arm-none-eabi/7.3.1/thumb/v7e-m/fpv4-sp/hard/crtbegin.o
                0x0000000020000194                . = ALIGN (0x4)

.bss            0x0000000020000194     0x6940 load address 0x0000000008009ebc
                0x0000000020000194                _sbss = .
                0x0000000020000194                __bss_start__ = _sbss
 *(.bss)
 .bss           0x0000000020000194       0x1c c:/st/stm32cubeide_1.3.0/stm32cubeide/plugins/com.st.stm32cube.ide.mcu.externaltools.gnu-tools-for-stm32.7-2018-q2-update.win32_1.0.0.201904181610/tools/bin/../lib/gcc/arm-none-eabi/7.3.1/thumb/v7e-m/fpv4-sp/hard/crtbegin.o
 *(.bss*)
 .bss.buffer    0x00000000200001b0      0x401 Core/Src/main.o
 *fill*         0x00000000200005b1        0x3 
 .bss.esp_buffer
                0x00000000200005b4      0x400 Drivers/Custom/esp8266.o
 .bss.responseSizeTmp
                0x00000000200009b4        0x2 Drivers/Custom/esp8266.o
                0x00000000200009b4                responseSizeTmp
 *fill*         0x00000000200009b6        0x2 
 .bss.tasks     0x00000000200009b8     0x4400 Drivers/Custom/task_list.o
 .bss.head      0x0000000020004db8        0x4 Drivers/Custom/task_list.o
 .bss.tail      0x0000000020004dbc        0x4 Drivers/Custom/task_list.o
 .bss.num_tasks
                0x0000000020004dc0        0x1 Drivers/Custom/task_list.o
 *fill*         0x0000000020004dc1        0x3 
 .bss.last_time
                0x0000000020004dc4        0x4 Drivers/Custom/task_list.o
 .bss.cfgidx.10967
                0x0000000020004dc8        0x1 Middlewares/ST/STM32_USB_Device_Library/Core/Src/usbd_ctlreq.o
 *fill*         0x0000000020004dc9        0x3 
 .bss.UserTxBufPtrIn
                0x0000000020004dcc        0x4 USB_DEVICE/App/usbd_cdc_if.o
                0x0000000020004dcc                UserTxBufPtrIn
 .bss.UserTxBufPtrOut
                0x0000000020004dd0        0x4 USB_DEVICE/App/usbd_cdc_if.o
                0x0000000020004dd0                UserTxBufPtrOut
 .bss.mem.11112
                0x0000000020004dd4      0x220 USB_DEVICE/Target/usbd_conf.o
 *(COMMON)
 COMMON         0x0000000020004ff4       0xc8 Core/Src/main.o
                0x0000000020004ff4                hdma_usart2_tx
                0x000000002000503c                huart2
 COMMON         0x00000000200050bc      0x100 Drivers/Custom/esp8266.o
                0x00000000200050bc                responseBuffer
 COMMON         0x00000000200051bc        0x4 Drivers/STM32L4xx_HAL_Driver/Src/stm32l4xx_hal.o
                0x00000000200051bc                uwTick
 COMMON         0x00000000200051c0      0x2c4 USB_DEVICE/App/usb_device.o
                0x00000000200051c0                hUsbDeviceFS
 COMMON         0x0000000020005484     0x1048 USB_DEVICE/App/usbd_cdc_if.o
                0x0000000020005484                BuffLength
                0x0000000020005488                UserRxBufferFS
                0x0000000020005c88                UserTxBufferFS
                0x0000000020006488                responseSize
                0x000000002000648c                TimHandle
 COMMON         0x00000000200064cc      0x200 USB_DEVICE/App/usbd_desc.o
                0x00000000200064cc                USBD_StrDesc
 COMMON         0x00000000200066cc      0x408 USB_DEVICE/Target/usbd_conf.o
                0x00000000200066cc                hpcd_USB_OTG_FS
                0x0000000020006ad4                . = ALIGN (0x4)
                0x0000000020006ad4                _ebss = .
                0x0000000020006ad4                __bss_end__ = _ebss

._user_heap_stack
                0x0000000020006ad4      0x604 load address 0x0000000008009ebc
                0x0000000020006ad8                . = ALIGN (0x8)
 *fill*         0x0000000020006ad4        0x4 
                0x0000000020006ad8                PROVIDE (end = .)
                [!provide]                        PROVIDE (_end = .)
                0x0000000020006cd8                . = (. + _Min_Heap_Size)
 *fill*         0x0000000020006ad8      0x200 
                0x00000000200070d8                . = (. + _Min_Stack_Size)
 *fill*         0x0000000020006cd8      0x400 
                0x00000000200070d8                . = ALIGN (0x8)

/DISCARD/
 libc.a(*)
 libm.a(*)
 libgcc.a(*)

.ARM.attributes
                0x0000000000000000       0x30
 *(.ARM.attributes)
 .ARM.attributes
                0x0000000000000000       0x22 c:/st/stm32cubeide_1.3.0/stm32cubeide/plugins/com.st.stm32cube.ide.mcu.externaltools.gnu-tools-for-stm32.7-2018-q2-update.win32_1.0.0.201904181610/tools/bin/../lib/gcc/arm-none-eabi/7.3.1/thumb/v7e-m/fpv4-sp/hard/crti.o
 .ARM.attributes
                0x0000000000000022       0x34 c:/st/stm32cubeide_1.3.0/stm32cubeide/plugins/com.st.stm32cube.ide.mcu.externaltools.gnu-tools-for-stm32.7-2018-q2-update.win32_1.0.0.201904181610/tools/bin/../lib/gcc/arm-none-eabi/7.3.1/thumb/v7e-m/fpv4-sp/hard/crtbegin.o
 .ARM.attributes
                0x0000000000000056       0x39 Core/Src/main.o
 .ARM.attributes
                0x000000000000008f       0x39 Core/Src/stm32l4xx_hal_msp.o
 .ARM.attributes
                0x00000000000000c8       0x39 Core/Src/stm32l4xx_it.o
 .ARM.attributes
                0x0000000000000101       0x39 Core/Src/system_stm32l4xx.o
 .ARM.attributes
                0x000000000000013a       0x21 Core/Startup/startup_stm32l476vgtx.o
 .ARM.attributes
                0x000000000000015b       0x39 Drivers/Custom/esp8266.o
 .ARM.attributes
                0x0000000000000194       0x39 Drivers/Custom/task_list.o
 .ARM.attributes
                0x00000000000001cd       0x39 Drivers/STM32L4xx_HAL_Driver/Src/stm32l4xx_hal.o
 .ARM.attributes
                0x0000000000000206       0x39 Drivers/STM32L4xx_HAL_Driver/Src/stm32l4xx_hal_cortex.o
 .ARM.attributes
                0x000000000000023f       0x39 Drivers/STM32L4xx_HAL_Driver/Src/stm32l4xx_hal_dma.o
 .ARM.attributes
                0x0000000000000278       0x39 Drivers/STM32L4xx_HAL_Driver/Src/stm32l4xx_hal_gpio.o
 .ARM.attributes
                0x00000000000002b1       0x39 Drivers/STM32L4xx_HAL_Driver/Src/stm32l4xx_hal_pcd.o
 .ARM.attributes
                0x00000000000002ea       0x39 Drivers/STM32L4xx_HAL_Driver/Src/stm32l4xx_hal_pcd_ex.o
 .ARM.attributes
                0x0000000000000323       0x39 Drivers/STM32L4xx_HAL_Driver/Src/stm32l4xx_hal_pwr_ex.o
 .ARM.attributes
                0x000000000000035c       0x39 Drivers/STM32L4xx_HAL_Driver/Src/stm32l4xx_hal_rcc.o
 .ARM.attributes
                0x0000000000000395       0x39 Drivers/STM32L4xx_HAL_Driver/Src/stm32l4xx_hal_rcc_ex.o
 .ARM.attributes
                0x00000000000003ce       0x39 Drivers/STM32L4xx_HAL_Driver/Src/stm32l4xx_hal_tim.o
 .ARM.attributes
                0x0000000000000407       0x39 Drivers/STM32L4xx_HAL_Driver/Src/stm32l4xx_hal_tim_ex.o
 .ARM.attributes
                0x0000000000000440       0x39 Drivers/STM32L4xx_HAL_Driver/Src/stm32l4xx_hal_uart.o
 .ARM.attributes
                0x0000000000000479       0x39 Drivers/STM32L4xx_HAL_Driver/Src/stm32l4xx_hal_uart_ex.o
 .ARM.attributes
                0x00000000000004b2       0x39 Drivers/STM32L4xx_HAL_Driver/Src/stm32l4xx_ll_usb.o
 .ARM.attributes
                0x00000000000004eb       0x39 Middlewares/ST/STM32_USB_Device_Library/Class/CDC/Src/usbd_cdc.o
 .ARM.attributes
                0x0000000000000524       0x39 Middlewares/ST/STM32_USB_Device_Library/Core/Src/usbd_core.o
 .ARM.attributes
                0x000000000000055d       0x39 Middlewares/ST/STM32_USB_Device_Library/Core/Src/usbd_ctlreq.o
 .ARM.attributes
                0x0000000000000596       0x39 Middlewares/ST/STM32_USB_Device_Library/Core/Src/usbd_ioreq.o
 .ARM.attributes
                0x00000000000005cf       0x39 USB_DEVICE/App/usb_device.o
 .ARM.attributes
                0x0000000000000608       0x39 USB_DEVICE/App/usbd_cdc_if.o
 .ARM.attributes
                0x0000000000000641       0x39 USB_DEVICE/App/usbd_desc.o
 .ARM.attributes
                0x000000000000067a       0x39 USB_DEVICE/Target/usbd_conf.o
 .ARM.attributes
                0x00000000000006b3       0x34 c:/st/stm32cubeide_1.3.0/stm32cubeide/plugins/com.st.stm32cube.ide.mcu.externaltools.gnu-tools-for-stm32.7-2018-q2-update.win32_1.0.0.201904181610/tools/bin/../lib/gcc/arm-none-eabi/7.3.1/../../../../arm-none-eabi/lib/thumb/v7e-m/fpv4-sp/hard\libc_nano.a(lib_a-init.o)
 .ARM.attributes
                0x00000000000006e7       0x34 c:/st/stm32cubeide_1.3.0/stm32cubeide/plugins/com.st.stm32cube.ide.mcu.externaltools.gnu-tools-for-stm32.7-2018-q2-update.win32_1.0.0.201904181610/tools/bin/../lib/gcc/arm-none-eabi/7.3.1/../../../../arm-none-eabi/lib/thumb/v7e-m/fpv4-sp/hard\libc_nano.a(lib_a-memcpy-stub.o)
 .ARM.attributes
                0x000000000000071b       0x34 c:/st/stm32cubeide_1.3.0/stm32cubeide/plugins/com.st.stm32cube.ide.mcu.externaltools.gnu-tools-for-stm32.7-2018-q2-update.win32_1.0.0.201904181610/tools/bin/../lib/gcc/arm-none-eabi/7.3.1/../../../../arm-none-eabi/lib/thumb/v7e-m/fpv4-sp/hard\libc_nano.a(lib_a-memset.o)
 .ARM.attributes
                0x000000000000074f       0x1b c:/st/stm32cubeide_1.3.0/stm32cubeide/plugins/com.st.stm32cube.ide.mcu.externaltools.gnu-tools-for-stm32.7-2018-q2-update.win32_1.0.0.201904181610/tools/bin/../lib/gcc/arm-none-eabi/7.3.1/../../../../arm-none-eabi/lib/thumb/v7e-m/fpv4-sp/hard\libc_nano.a(lib_a-strlen.o)
 .ARM.attributes
                0x000000000000076a       0x34 c:/st/stm32cubeide_1.3.0/stm32cubeide/plugins/com.st.stm32cube.ide.mcu.externaltools.gnu-tools-for-stm32.7-2018-q2-update.win32_1.0.0.201904181610/tools/bin/../lib/gcc/arm-none-eabi/7.3.1/../../../../arm-none-eabi/lib/thumb/v7e-m/fpv4-sp/hard\libc_nano.a(lib_a-strncmp.o)
 .ARM.attributes
                0x000000000000079e       0x22 c:/st/stm32cubeide_1.3.0/stm32cubeide/plugins/com.st.stm32cube.ide.mcu.externaltools.gnu-tools-for-stm32.7-2018-q2-update.win32_1.0.0.201904181610/tools/bin/../lib/gcc/arm-none-eabi/7.3.1/thumb/v7e-m/fpv4-sp/hard\libgcc.a(_aeabi_uldivmod.o)
 .ARM.attributes
                0x00000000000007c0       0x34 c:/st/stm32cubeide_1.3.0/stm32cubeide/plugins/com.st.stm32cube.ide.mcu.externaltools.gnu-tools-for-stm32.7-2018-q2-update.win32_1.0.0.201904181610/tools/bin/../lib/gcc/arm-none-eabi/7.3.1/thumb/v7e-m/fpv4-sp/hard\libgcc.a(_udivmoddi4.o)
 .ARM.attributes
                0x00000000000007f4       0x22 c:/st/stm32cubeide_1.3.0/stm32cubeide/plugins/com.st.stm32cube.ide.mcu.externaltools.gnu-tools-for-stm32.7-2018-q2-update.win32_1.0.0.201904181610/tools/bin/../lib/gcc/arm-none-eabi/7.3.1/thumb/v7e-m/fpv4-sp/hard\libgcc.a(_dvmd_tls.o)
 .ARM.attributes
                0x0000000000000816       0x22 c:/st/stm32cubeide_1.3.0/stm32cubeide/plugins/com.st.stm32cube.ide.mcu.externaltools.gnu-tools-for-stm32.7-2018-q2-update.win32_1.0.0.201904181610/tools/bin/../lib/gcc/arm-none-eabi/7.3.1/thumb/v7e-m/fpv4-sp/hard/crtn.o
OUTPUT(Uart Terminal.elf elf32-littlearm)

.debug_info     0x0000000000000000    0x1f2b1
 .debug_info    0x0000000000000000     0x162b Core/Src/main.o
 .debug_info    0x000000000000162b      0xe3a Core/Src/stm32l4xx_hal_msp.o
 .debug_info    0x0000000000002465      0xfea Core/Src/stm32l4xx_it.o
 .debug_info    0x000000000000344f      0x6f6 Core/Src/system_stm32l4xx.o
 .debug_info    0x0000000000003b45       0x22 Core/Startup/startup_stm32l476vgtx.o
 .debug_info    0x0000000000003b67     0x1225 Drivers/Custom/esp8266.o
 .debug_info    0x0000000000004d8c     0x1243 Drivers/Custom/task_list.o
 .debug_info    0x0000000000005fcf      0xcee Drivers/STM32L4xx_HAL_Driver/Src/stm32l4xx_hal.o
 .debug_info    0x0000000000006cbd      0xf3c Drivers/STM32L4xx_HAL_Driver/Src/stm32l4xx_hal_cortex.o
 .debug_info    0x0000000000007bf9      0x8c1 Drivers/STM32L4xx_HAL_Driver/Src/stm32l4xx_hal_dma.o
 .debug_info    0x00000000000084ba      0x982 Drivers/STM32L4xx_HAL_Driver/Src/stm32l4xx_hal_gpio.o
 .debug_info    0x0000000000008e3c     0x1281 Drivers/STM32L4xx_HAL_Driver/Src/stm32l4xx_hal_pcd.o
 .debug_info    0x000000000000a0bd      0x9d5 Drivers/STM32L4xx_HAL_Driver/Src/stm32l4xx_hal_pcd_ex.o
 .debug_info    0x000000000000aa92      0xb04 Drivers/STM32L4xx_HAL_Driver/Src/stm32l4xx_hal_pwr_ex.o
 .debug_info    0x000000000000b596      0xcfe Drivers/STM32L4xx_HAL_Driver/Src/stm32l4xx_hal_rcc.o
 .debug_info    0x000000000000c294      0xf10 Drivers/STM32L4xx_HAL_Driver/Src/stm32l4xx_hal_rcc_ex.o
 .debug_info    0x000000000000d1a4     0x266f Drivers/STM32L4xx_HAL_Driver/Src/stm32l4xx_hal_tim.o
 .debug_info    0x000000000000f813     0x13d8 Drivers/STM32L4xx_HAL_Driver/Src/stm32l4xx_hal_tim_ex.o
 .debug_info    0x0000000000010beb     0x180e Drivers/STM32L4xx_HAL_Driver/Src/stm32l4xx_hal_uart.o
 .debug_info    0x00000000000123f9      0xa06 Drivers/STM32L4xx_HAL_Driver/Src/stm32l4xx_hal_uart_ex.o
 .debug_info    0x0000000000012dff     0x1a15 Drivers/STM32L4xx_HAL_Driver/Src/stm32l4xx_ll_usb.o
 .debug_info    0x0000000000014814     0x18ef Middlewares/ST/STM32_USB_Device_Library/Class/CDC/Src/usbd_cdc.o
 .debug_info    0x0000000000016103     0x12ec Middlewares/ST/STM32_USB_Device_Library/Core/Src/usbd_core.o
 .debug_info    0x00000000000173ef     0x125c Middlewares/ST/STM32_USB_Device_Library/Core/Src/usbd_ctlreq.o
 .debug_info    0x000000000001864b     0x104d Middlewares/ST/STM32_USB_Device_Library/Core/Src/usbd_ioreq.o
 .debug_info    0x0000000000019698      0xf95 USB_DEVICE/App/usb_device.o
 .debug_info    0x000000000001a62d     0x1b41 USB_DEVICE/App/usbd_cdc_if.o
 .debug_info    0x000000000001c16e      0xe95 USB_DEVICE/App/usbd_desc.o
 .debug_info    0x000000000001d003     0x22ae USB_DEVICE/Target/usbd_conf.o

.debug_abbrev   0x0000000000000000     0x3d0e
 .debug_abbrev  0x0000000000000000      0x247 Core/Src/main.o
 .debug_abbrev  0x0000000000000247      0x195 Core/Src/stm32l4xx_hal_msp.o
 .debug_abbrev  0x00000000000003dc      0x1b9 Core/Src/stm32l4xx_it.o
 .debug_abbrev  0x0000000000000595      0x150 Core/Src/system_stm32l4xx.o
 .debug_abbrev  0x00000000000006e5       0x12 Core/Startup/startup_stm32l476vgtx.o
 .debug_abbrev  0x00000000000006f7      0x218 Drivers/Custom/esp8266.o
 .debug_abbrev  0x000000000000090f      0x27a Drivers/Custom/task_list.o
 .debug_abbrev  0x0000000000000b89      0x1fb Drivers/STM32L4xx_HAL_Driver/Src/stm32l4xx_hal.o
 .debug_abbrev  0x0000000000000d84      0x2fa Drivers/STM32L4xx_HAL_Driver/Src/stm32l4xx_hal_cortex.o
 .debug_abbrev  0x000000000000107e      0x1d9 Drivers/STM32L4xx_HAL_Driver/Src/stm32l4xx_hal_dma.o
 .debug_abbrev  0x0000000000001257      0x1c0 Drivers/STM32L4xx_HAL_Driver/Src/stm32l4xx_hal_gpio.o
 .debug_abbrev  0x0000000000001417      0x266 Drivers/STM32L4xx_HAL_Driver/Src/stm32l4xx_hal_pcd.o
 .debug_abbrev  0x000000000000167d      0x214 Drivers/STM32L4xx_HAL_Driver/Src/stm32l4xx_hal_pcd_ex.o
 .debug_abbrev  0x0000000000001891      0x1cb Drivers/STM32L4xx_HAL_Driver/Src/stm32l4xx_hal_pwr_ex.o
 .debug_abbrev  0x0000000000001a5c      0x245 Drivers/STM32L4xx_HAL_Driver/Src/stm32l4xx_hal_rcc.o
 .debug_abbrev  0x0000000000001ca1      0x238 Drivers/STM32L4xx_HAL_Driver/Src/stm32l4xx_hal_rcc_ex.o
 .debug_abbrev  0x0000000000001ed9      0x230 Drivers/STM32L4xx_HAL_Driver/Src/stm32l4xx_hal_tim.o
 .debug_abbrev  0x0000000000002109      0x21e Drivers/STM32L4xx_HAL_Driver/Src/stm32l4xx_hal_tim_ex.o
 .debug_abbrev  0x0000000000002327      0x205 Drivers/STM32L4xx_HAL_Driver/Src/stm32l4xx_hal_uart.o
 .debug_abbrev  0x000000000000252c      0x1e2 Drivers/STM32L4xx_HAL_Driver/Src/stm32l4xx_hal_uart_ex.o
 .debug_abbrev  0x000000000000270e      0x26d Drivers/STM32L4xx_HAL_Driver/Src/stm32l4xx_ll_usb.o
 .debug_abbrev  0x000000000000297b      0x2b6 Middlewares/ST/STM32_USB_Device_Library/Class/CDC/Src/usbd_cdc.o
 .debug_abbrev  0x0000000000002c31      0x270 Middlewares/ST/STM32_USB_Device_Library/Core/Src/usbd_core.o
 .debug_abbrev  0x0000000000002ea1      0x2a0 Middlewares/ST/STM32_USB_Device_Library/Core/Src/usbd_ctlreq.o
 .debug_abbrev  0x0000000000003141      0x1e0 Middlewares/ST/STM32_USB_Device_Library/Core/Src/usbd_ioreq.o
 .debug_abbrev  0x0000000000003321      0x1be USB_DEVICE/App/usb_device.o
 .debug_abbrev  0x00000000000034df      0x2db USB_DEVICE/App/usbd_cdc_if.o
 .debug_abbrev  0x00000000000037ba      0x265 USB_DEVICE/App/usbd_desc.o
 .debug_abbrev  0x0000000000003a1f      0x2ef USB_DEVICE/Target/usbd_conf.o

.debug_aranges  0x0000000000000000     0x1688
 .debug_aranges
                0x0000000000000000       0x38 Core/Src/main.o
 .debug_aranges
                0x0000000000000038       0x30 Core/Src/stm32l4xx_hal_msp.o
 .debug_aranges
                0x0000000000000068       0x88 Core/Src/stm32l4xx_it.o
 .debug_aranges
                0x00000000000000f0       0x28 Core/Src/system_stm32l4xx.o
 .debug_aranges
                0x0000000000000118       0x28 Core/Startup/startup_stm32l476vgtx.o
 .debug_aranges
                0x0000000000000140       0x58 Drivers/Custom/esp8266.o
 .debug_aranges
                0x0000000000000198       0x50 Drivers/Custom/task_list.o
 .debug_aranges
                0x00000000000001e8      0x130 Drivers/STM32L4xx_HAL_Driver/Src/stm32l4xx_hal.o
 .debug_aranges
                0x0000000000000318      0x118 Drivers/STM32L4xx_HAL_Driver/Src/stm32l4xx_hal_cortex.o
 .debug_aranges
                0x0000000000000430       0x80 Drivers/STM32L4xx_HAL_Driver/Src/stm32l4xx_hal_dma.o
 .debug_aranges
                0x00000000000004b0       0x58 Drivers/STM32L4xx_HAL_Driver/Src/stm32l4xx_hal_gpio.o
 .debug_aranges
                0x0000000000000508      0x130 Drivers/STM32L4xx_HAL_Driver/Src/stm32l4xx_hal_pcd.o
 .debug_aranges
                0x0000000000000638       0x60 Drivers/STM32L4xx_HAL_Driver/Src/stm32l4xx_hal_pcd_ex.o
 .debug_aranges
                0x0000000000000698      0x150 Drivers/STM32L4xx_HAL_Driver/Src/stm32l4xx_hal_pwr_ex.o
 .debug_aranges
                0x00000000000007e8       0x88 Drivers/STM32L4xx_HAL_Driver/Src/stm32l4xx_hal_rcc.o
 .debug_aranges
                0x0000000000000870       0xc0 Drivers/STM32L4xx_HAL_Driver/Src/stm32l4xx_hal_rcc_ex.o
 .debug_aranges
                0x0000000000000930      0x3b8 Drivers/STM32L4xx_HAL_Driver/Src/stm32l4xx_hal_tim.o
 .debug_aranges
                0x0000000000000ce8      0x168 Drivers/STM32L4xx_HAL_Driver/Src/stm32l4xx_hal_tim_ex.o
 .debug_aranges
                0x0000000000000e50      0x210 Drivers/STM32L4xx_HAL_Driver/Src/stm32l4xx_hal_uart.o
 .debug_aranges
                0x0000000000001060       0x60 Drivers/STM32L4xx_HAL_Driver/Src/stm32l4xx_hal_uart_ex.o
 .debug_aranges
                0x00000000000010c0      0x198 Drivers/STM32L4xx_HAL_Driver/Src/stm32l4xx_ll_usb.o
 .debug_aranges
                0x0000000000001258       0x90 Middlewares/ST/STM32_USB_Device_Library/Class/CDC/Src/usbd_cdc.o
 .debug_aranges
                0x00000000000012e8       0xb8 Middlewares/ST/STM32_USB_Device_Library/Core/Src/usbd_core.o
 .debug_aranges
                0x00000000000013a0       0x88 Middlewares/ST/STM32_USB_Device_Library/Core/Src/usbd_ctlreq.o
 .debug_aranges
                0x0000000000001428       0x50 Middlewares/ST/STM32_USB_Device_Library/Core/Src/usbd_ioreq.o
 .debug_aranges
                0x0000000000001478       0x20 USB_DEVICE/App/usb_device.o
 .debug_aranges
                0x0000000000001498       0x70 USB_DEVICE/App/usbd_cdc_if.o
 .debug_aranges
                0x0000000000001508       0x68 USB_DEVICE/App/usbd_desc.o
 .debug_aranges
                0x0000000000001570      0x118 USB_DEVICE/Target/usbd_conf.o

.debug_ranges   0x0000000000000000     0x14c0
 .debug_ranges  0x0000000000000000       0x28 Core/Src/main.o
 .debug_ranges  0x0000000000000028       0x20 Core/Src/stm32l4xx_hal_msp.o
 .debug_ranges  0x0000000000000048       0x78 Core/Src/stm32l4xx_it.o
 .debug_ranges  0x00000000000000c0       0x18 Core/Src/system_stm32l4xx.o
 .debug_ranges  0x00000000000000d8       0x20 Core/Startup/startup_stm32l476vgtx.o
 .debug_ranges  0x00000000000000f8       0x48 Drivers/Custom/esp8266.o
 .debug_ranges  0x0000000000000140       0x40 Drivers/Custom/task_list.o
 .debug_ranges  0x0000000000000180      0x120 Drivers/STM32L4xx_HAL_Driver/Src/stm32l4xx_hal.o
 .debug_ranges  0x00000000000002a0      0x108 Drivers/STM32L4xx_HAL_Driver/Src/stm32l4xx_hal_cortex.o
 .debug_ranges  0x00000000000003a8       0x70 Drivers/STM32L4xx_HAL_Driver/Src/stm32l4xx_hal_dma.o
 .debug_ranges  0x0000000000000418       0x48 Drivers/STM32L4xx_HAL_Driver/Src/stm32l4xx_hal_gpio.o
 .debug_ranges  0x0000000000000460      0x120 Drivers/STM32L4xx_HAL_Driver/Src/stm32l4xx_hal_pcd.o
 .debug_ranges  0x0000000000000580       0x50 Drivers/STM32L4xx_HAL_Driver/Src/stm32l4xx_hal_pcd_ex.o
 .debug_ranges  0x00000000000005d0      0x140 Drivers/STM32L4xx_HAL_Driver/Src/stm32l4xx_hal_pwr_ex.o
 .debug_ranges  0x0000000000000710       0x78 Drivers/STM32L4xx_HAL_Driver/Src/stm32l4xx_hal_rcc.o
 .debug_ranges  0x0000000000000788       0xb0 Drivers/STM32L4xx_HAL_Driver/Src/stm32l4xx_hal_rcc_ex.o
 .debug_ranges  0x0000000000000838      0x3a8 Drivers/STM32L4xx_HAL_Driver/Src/stm32l4xx_hal_tim.o
 .debug_ranges  0x0000000000000be0      0x158 Drivers/STM32L4xx_HAL_Driver/Src/stm32l4xx_hal_tim_ex.o
 .debug_ranges  0x0000000000000d38      0x200 Drivers/STM32L4xx_HAL_Driver/Src/stm32l4xx_hal_uart.o
 .debug_ranges  0x0000000000000f38       0x50 Drivers/STM32L4xx_HAL_Driver/Src/stm32l4xx_hal_uart_ex.o
 .debug_ranges  0x0000000000000f88      0x188 Drivers/STM32L4xx_HAL_Driver/Src/stm32l4xx_ll_usb.o
 .debug_ranges  0x0000000000001110       0x80 Middlewares/ST/STM32_USB_Device_Library/Class/CDC/Src/usbd_cdc.o
 .debug_ranges  0x0000000000001190       0xa8 Middlewares/ST/STM32_USB_Device_Library/Core/Src/usbd_core.o
 .debug_ranges  0x0000000000001238       0x78 Middlewares/ST/STM32_USB_Device_Library/Core/Src/usbd_ctlreq.o
 .debug_ranges  0x00000000000012b0       0x40 Middlewares/ST/STM32_USB_Device_Library/Core/Src/usbd_ioreq.o
 .debug_ranges  0x00000000000012f0       0x10 USB_DEVICE/App/usb_device.o
 .debug_ranges  0x0000000000001300       0x60 USB_DEVICE/App/usbd_cdc_if.o
 .debug_ranges  0x0000000000001360       0x58 USB_DEVICE/App/usbd_desc.o
 .debug_ranges  0x00000000000013b8      0x108 USB_DEVICE/Target/usbd_conf.o

.debug_macro    0x0000000000000000    0x2ac2f
 .debug_macro   0x0000000000000000      0x416 Core/Src/main.o
 .debug_macro   0x0000000000000416      0xa5a Core/Src/main.o
 .debug_macro   0x0000000000000e70       0xc6 Core/Src/main.o
 .debug_macro   0x0000000000000f36       0x2e Core/Src/main.o
 .debug_macro   0x0000000000000f64       0x28 Core/Src/main.o
 .debug_macro   0x0000000000000f8c       0x22 Core/Src/main.o
 .debug_macro   0x0000000000000fae       0x8e Core/Src/main.o
 .debug_macro   0x000000000000103c       0x51 Core/Src/main.o
 .debug_macro   0x000000000000108d       0xef Core/Src/main.o
 .debug_macro   0x000000000000117c       0x6a Core/Src/main.o
 .debug_macro   0x00000000000011e6      0x1df Core/Src/main.o
 .debug_macro   0x00000000000013c5       0x1c Core/Src/main.o
 .debug_macro   0x00000000000013e1       0x22 Core/Src/main.o
 .debug_macro   0x0000000000001403       0xdf Core/Src/main.o
 .debug_macro   0x00000000000014e2     0x102d Core/Src/main.o
 .debug_macro   0x000000000000250f      0x11f Core/Src/main.o
 .debug_macro   0x000000000000262e    0x1a13d Core/Src/main.o
 .debug_macro   0x000000000001c76b       0x43 Core/Src/main.o
 .debug_macro   0x000000000001c7ae     0x3890 Core/Src/main.o
 .debug_macro   0x000000000002003e      0x174 Core/Src/main.o
 .debug_macro   0x00000000000201b2       0x5c Core/Src/main.o
 .debug_macro   0x000000000002020e     0x155f Core/Src/main.o
 .debug_macro   0x000000000002176d      0x59e Core/Src/main.o
 .debug_macro   0x0000000000021d0b      0x241 Core/Src/main.o
 .debug_macro   0x0000000000021f4c      0x13d Core/Src/main.o
 .debug_macro   0x0000000000022089      0x18b Core/Src/main.o
 .debug_macro   0x0000000000022214      0x26b Core/Src/main.o
 .debug_macro   0x000000000002247f      0x23d Core/Src/main.o
 .debug_macro   0x00000000000226bc      0x37c Core/Src/main.o
 .debug_macro   0x0000000000022a38       0xd6 Core/Src/main.o
 .debug_macro   0x0000000000022b0e      0x22c Core/Src/main.o
 .debug_macro   0x0000000000022d3a       0x5e Core/Src/main.o
 .debug_macro   0x0000000000022d98       0xa5 Core/Src/main.o
 .debug_macro   0x0000000000022e3d      0x122 Core/Src/main.o
 .debug_macro   0x0000000000022f5f      0x3e9 Core/Src/main.o
 .debug_macro   0x0000000000023348      0xa44 Core/Src/main.o
 .debug_macro   0x0000000000023d8c      0x1e7 Core/Src/main.o
 .debug_macro   0x0000000000023f73      0x59e Core/Src/main.o
 .debug_macro   0x0000000000024511       0x44 Core/Src/main.o
 .debug_macro   0x0000000000024555      0x1ed Core/Src/main.o
 .debug_macro   0x0000000000024742       0xac Core/Src/main.o
 .debug_macro   0x00000000000247ee      0x34b Core/Src/main.o
 .debug_macro   0x0000000000024b39       0xa6 Core/Src/main.o
 .debug_macro   0x0000000000024bdf       0x46 Core/Src/main.o
 .debug_macro   0x0000000000024c25       0x18 Core/Src/main.o