stm32l4xx_hal.c:153:19:HAL_Init	16	static
stm32l4xx_hal.c:197:19:HAL_DeInit	8	static
stm32l4xx_hal.c:226:13:HAL_MspInit	4	static
stm32l4xx_hal.c:237:13:HAL_MspDeInit	4	static
stm32l4xx_hal.c:260:26:HAL_InitTick	24	static
stm32l4xx_hal.c:327:13:HAL_IncTick	4	static
stm32l4xx_hal.c:338:17:HAL_GetTick	4	static
stm32l4xx_hal.c:347:10:HAL_GetTickPrio	4	static
stm32l4xx_hal.c:357:19:HAL_SetTickFreq	24	static
stm32l4xx_hal.c:379:10:HAL_GetTickFreq	4	static
stm32l4xx_hal.c:395:13:HAL_Delay	24	static
stm32l4xx_hal.c:421:13:HAL_SuspendTick	4	static
stm32l4xx_hal.c:437:13:HAL_ResumeTick	4	static
stm32l4xx_hal.c:447:10:HAL_GetHalVersion	4	static
stm32l4xx_hal.c:456:10:HAL_GetREVID	4	static
stm32l4xx_hal.c:465:10:HAL_GetDEVID	4	static
stm32l4xx_hal.c:474:10:HAL_GetUIDw0	4	static
stm32l4xx_hal.c:483:10:HAL_GetUIDw1	4	static
stm32l4xx_hal.c:492:10:HAL_GetUIDw2	4	static
stm32l4xx_hal.c:521:6:HAL_DBGMCU_EnableDBGSleepMode	4	static
stm32l4xx_hal.c:530:6:HAL_DBGMCU_DisableDBGSleepMode	4	static
stm32l4xx_hal.c:539:6:HAL_DBGMCU_EnableDBGStopMode	4	static
stm32l4xx_hal.c:548:6:HAL_DBGMCU_DisableDBGStopMode	4	static
stm32l4xx_hal.c:557:6:HAL_DBGMCU_EnableDBGStandbyMode	4	static
stm32l4xx_hal.c:566:6:HAL_DBGMCU_DisableDBGStandbyMode	4	static
stm32l4xx_hal.c:599:6:HAL_SYSCFG_SRAM2Erase	4	static
stm32l4xx_hal.c:618:6:HAL_SYSCFG_EnableMemorySwappingBank	4	static
stm32l4xx_hal.c:633:6:HAL_SYSCFG_DisableMemorySwappingBank	4	static
stm32l4xx_hal.c:650:6:HAL_SYSCFG_VREFBUF_VoltageScalingConfig	16	static
stm32l4xx_hal.c:666:6:HAL_SYSCFG_VREFBUF_HighImpedanceConfig	16	static
stm32l4xx_hal.c:678:6:HAL_SYSCFG_VREFBUF_TrimmingConfig	16	static
stm32l4xx_hal.c:690:19:HAL_SYSCFG_EnableVREFBUF	16	static
stm32l4xx_hal.c:716:6:HAL_SYSCFG_DisableVREFBUF	4	static
stm32l4xx_hal.c:727:6:HAL_SYSCFG_EnableIOAnalogSwitchBooster	4	static
stm32l4xx_hal.c:737:6:HAL_SYSCFG_DisableIOAnalogSwitchBooster	4	static
