usbd_cdc_if.c:180:15:CDC_Init_FS	8	static
usbd_cdc_if.c:233:15:CDC_DeInit_FS	8	static
usbd_cdc_if.c:254:15:CDC_Control_FS	16	static
usbd_cdc_if.c:349:15:CDC_Receive_FS	16	static
usbd_cdc_if.c:368:9:CDC_Transmit_FS	24	static
usbd_cdc_if.c:389:6:HAL_TIM_PeriodElapsedCallback	24	static
usbd_cdc_if.c:425:6:HAL_UART_RxCpltCallback	16	static
usbd_cdc_if.c:446:6:HAL_UART_TxCpltCallback	16	static
usbd_cdc_if.c:460:13:ComPort_Config	8	static
usbd_cdc_if.c:541:13:TIM_Config	8	static
usbd_cdc_if.c:568:6:HAL_UART_ErrorCallback	16	static
