17:08:41 **** Incremental Build of configuration Debug for project Uart Terminal ****
make -j8 all 
arm-none-eabi-gcc "../Drivers/Custom/esp8266.c" -mcpu=cortex-m4 -std=gnu11 -g3 -DUSE_HAL_DRIVER -DSTM32L476xx -DDEBUG -c -I../USB_DEVICE/Target -I../Drivers/CMSIS/Include -I../Core/Inc -I../Middlewares/ST/STM32_USB_Device_Library/Class/CDC/Inc -I../USB_DEVICE/App -I../Drivers/CMSIS/Device/ST/STM32L4xx/Include -I../Drivers/STM32L4xx_HAL_Driver/Inc -I../Middlewares/ST/STM32_USB_Device_Library/Core/Inc -I../Drivers/STM32L4xx_HAL_Driver/Inc/Legacy -O0 -ffunction-sections -fdata-sections -Wall -fstack-usage -MMD -MP -MF"Drivers/Custom/esp8266.d" -MT"Drivers/Custom/esp8266.o" --specs=nano.specs -mfpu=fpv4-sp-d16 -mfloat-abi=hard -mthumb -o "Drivers/Custom/esp8266.o"
arm-none-eabi-gcc -o "Uart Terminal.elf" @"objects.list"   -mcpu=cortex-m4 -T"C:\Users\booth\Documents\ENEE408A\ComponentTests\Uart Terminal\STM32L476VGTX_FLASH.ld" --specs=nosys.specs -Wl,-Map="Uart Terminal.map" -Wl,--gc-sections -static --specs=nano.specs -mfpu=fpv4-sp-d16 -mfloat-abi=hard -mthumb -Wl,--start-group -lc -lm -Wl,--end-group
Finished building target: Uart Terminal.elf
 
arm-none-eabi-size   Uart\ Terminal.elf 
arm-none-eabi-objdump -h -S  Uart\ Terminal.elf  > "Uart Terminal.list"
arm-none-eabi-objcopy  -O binary  Uart\ Terminal.elf  "Uart Terminal.bin"
   text	   data	    bss	    dec	    hex	filename
  37708	    412	   8740	  46860	   b70c	Uart Terminal.elf
Finished building: default.size.stdout
 
Finished building: Uart Terminal.bin
 
Finished building: Uart Terminal.list
 

17:08:44 Build Finished. 0 errors, 0 warnings. (took 2s.823ms)

